Warning message:
package 'glmnet' was built under R version 4.4.3 
HIGH-DIM ARM: 500 reps, n = 400 p = 100 kappa = 0.25 AR(1) rho = 0.7 
  rep 50 / 500  (0.7 min)
  rep 100 / 500  (1.3 min)
  rep 150 / 500  (1.9 min)
  rep 200 / 500  (2.6 min)
  rep 250 / 500  (3.2 min)
  rep 300 / 500  (3.8 min)
  rep 350 / 500  (4.4 min)
  rep 400 / 500  (5.0 min)
  rep 450 / 500  (5.5 min)
  rep 500 / 500  (6.0 min)

============ HIGH-DIM SWEEP (n=400, p=100, AR(1) 0.7, H0 TRUE) ============
 lambda rej_HL mcse_HL rej_EDGE mcse_EDGE mean_stat_EDGE cal_slope CITL
  0.000  0.178  0.0171    0.284    0.0202           3.75     1.000    0
  0.010  0.432  0.0222    0.994    0.0035          10.94     1.435    0
  0.025  0.912  0.0127    1.000    0.0000          16.88     1.617    0
  0.050  0.990  0.0044    1.000    0.0000          20.48     1.736    0
  0.064  0.990  0.0044    1.000    0.0000          21.31     1.771    0
  0.100  0.998  0.0020    1.000    0.0000          22.50     1.828    0
  0.124  0.998  0.0020    1.000    0.0000          22.86     1.855    0
  0.200  0.996  0.0028    1.000    0.0000          23.64     1.924    0
  0.400  1.000  0.0000    1.000    0.0000          26.11     2.103    0
  0.513  1.000  0.0000    1.000    0.0000          27.64     2.210    0
  0.800  1.000  0.0000    1.000    0.0000          31.67     2.488    0
  1.500  1.000  0.0000    1.000    0.0000          39.81     3.183    0
 sd_fitted_pi MAE_vs_true n_valid_EDGE HL_degenerate
       0.3591      0.1859          500             0
       0.3044      0.1469          500             0
       0.2739      0.1356          500             0
       0.2476      0.1330          500             0
       0.2380      0.1336          500             0
       0.2203      0.1366          500             0
       0.2117      0.1388          500             0
       0.1922      0.1449          500             0
       0.1621      0.1560          500             0
       0.1505      0.1606          500             0
       0.1287      0.1697          500             0
       0.0967      0.1840          500             0

lambda.min : median 0.1245  IQR [0.0794, 0.2080]
lambda.1se : median 1.0404  IQR [0.6612, 1.5852]
P(lambda.1se > 0.20) = 0.988 ;  P(lambda.1se > 0.05) = 1.000
=========================================================================

T38: every archived column reproduced exactly.
Runtime: 5.98382 mins 
