T40_main_pvalues.csv: 57500 jobs to run (0 already on disk)
[    0.6 min] T40_main_pvalues.csv 72 / 57500
[    1.1 min] T40_main_pvalues.csv 144 / 57500
[    1.6 min] T40_main_pvalues.csv 216 / 57500
[    2.1 min] T40_main_pvalues.csv 288 / 57500
[    2.5 min] T40_main_pvalues.csv 360 / 57500
[    3.0 min] T40_main_pvalues.csv 432 / 57500
[    3.5 min] T40_main_pvalues.csv 504 / 57500
[    4.0 min] T40_main_pvalues.csv 576 / 57500
[    4.4 min] T40_main_pvalues.csv 648 / 57500
[    4.9 min] T40_main_pvalues.csv 720 / 57500
[    5.4 min] T40_main_pvalues.csv 792 / 57500
[    5.9 min] T40_main_pvalues.csv 864 / 57500
[    6.3 min] T40_main_pvalues.csv 936 / 57500
[    6.8 min] T40_main_pvalues.csv 1008 / 57500
[    7.2 min] T40_main_pvalues.csv 1080 / 57500
[    7.7 min] T40_main_pvalues.csv 1152 / 57500
[    8.2 min] T40_main_pvalues.csv 1224 / 57500
[    8.7 min] T40_main_pvalues.csv 1296 / 57500
[    9.2 min] T40_main_pvalues.csv 1368 / 57500
[    9.7 min] T40_main_pvalues.csv 1440 / 57500
[   10.2 min] T40_main_pvalues.csv 1512 / 57500
[   10.8 min] T40_main_pvalues.csv 1584 / 57500
[   11.7 min] T40_main_pvalues.csv 1656 / 57500
[   12.2 min] T40_main_pvalues.csv 1728 / 57500
[   12.7 min] T40_main_pvalues.csv 1800 / 57500
[   13.4 min] T40_main_pvalues.csv 1872 / 57500
[   14.2 min] T40_main_pvalues.csv 1944 / 57500
[   14.6 min] T40_main_pvalues.csv 2016 / 57500
[   15.1 min] T40_main_pvalues.csv 2088 / 57500
[   15.6 min] T40_main_pvalues.csv 2160 / 57500
[   16.4 min] T40_main_pvalues.csv 2232 / 57500
[   16.9 min] T40_main_pvalues.csv 2304 / 57500
[   17.7 min] T40_main_pvalues.csv 2376 / 57500
[   18.5 min] T40_main_pvalues.csv 2448 / 57500
[   19.2 min] T40_main_pvalues.csv 2520 / 57500
[   20.0 min] T40_main_pvalues.csv 2592 / 57500
[   20.7 min] T40_main_pvalues.csv 2664 / 57500
[   21.2 min] T40_main_pvalues.csv 2736 / 57500
[   21.6 min] T40_main_pvalues.csv 2808 / 57500
[   22.1 min] T40_main_pvalues.csv 2880 / 57500
[   22.6 min] T40_main_pvalues.csv 2952 / 57500
[   23.1 min] T40_main_pvalues.csv 3024 / 57500
[   23.6 min] T40_main_pvalues.csv 3096 / 57500
[   24.1 min] T40_main_pvalues.csv 3168 / 57500
[   24.6 min] T40_main_pvalues.csv 3240 / 57500
[   25.1 min] T40_main_pvalues.csv 3312 / 57500
[   25.6 min] T40_main_pvalues.csv 3384 / 57500
[   26.1 min] T40_main_pvalues.csv 3456 / 57500
[   26.6 min] T40_main_pvalues.csv 3528 / 57500
[   27.1 min] T40_main_pvalues.csv 3600 / 57500
[   27.6 min] T40_main_pvalues.csv 3672 / 57500
[   28.1 min] T40_main_pvalues.csv 3744 / 57500
[   28.6 min] T40_main_pvalues.csv 3816 / 57500
[   29.1 min] T40_main_pvalues.csv 3888 / 57500
[   29.6 min] T40_main_pvalues.csv 3960 / 57500
[   30.2 min] T40_main_pvalues.csv 4032 / 57500
[   31.0 min] T40_main_pvalues.csv 4104 / 57500
[   31.7 min] T40_main_pvalues.csv 4176 / 57500
[   32.4 min] T40_main_pvalues.csv 4248 / 57500
[   33.1 min] T40_main_pvalues.csv 4320 / 57500
[   33.8 min] T40_main_pvalues.csv 4392 / 57500
[   34.5 min] T40_main_pvalues.csv 4464 / 57500
[   35.1 min] T40_main_pvalues.csv 4536 / 57500
[   35.8 min] T40_main_pvalues.csv 4608 / 57500
[   36.4 min] T40_main_pvalues.csv 4680 / 57500
[   37.0 min] T40_main_pvalues.csv 4752 / 57500
[   37.6 min] T40_main_pvalues.csv 4824 / 57500
[   38.3 min] T40_main_pvalues.csv 4896 / 57500
[   38.9 min] T40_main_pvalues.csv 4968 / 57500
[   39.6 min] T40_main_pvalues.csv 5040 / 57500
[   40.3 min] T40_main_pvalues.csv 5112 / 57500
[   41.0 min] T40_main_pvalues.csv 5184 / 57500
[   41.7 min] T40_main_pvalues.csv 5256 / 57500
[   42.5 min] T40_main_pvalues.csv 5328 / 57500
[   43.2 min] T40_main_pvalues.csv 5400 / 57500
[   43.9 min] T40_main_pvalues.csv 5472 / 57500
[   44.6 min] T40_main_pvalues.csv 5544 / 57500
[   45.4 min] T40_main_pvalues.csv 5616 / 57500
[   46.1 min] T40_main_pvalues.csv 5688 / 57500
[   46.8 min] T40_main_pvalues.csv 5760 / 57500
[   47.5 min] T40_main_pvalues.csv 5832 / 57500
[   48.2 min] T40_main_pvalues.csv 5904 / 57500
[   48.9 min] T40_main_pvalues.csv 5976 / 57500
[   49.6 min] T40_main_pvalues.csv 6048 / 57500
[   50.3 min] T40_main_pvalues.csv 6120 / 57500
[   51.0 min] T40_main_pvalues.csv 6192 / 57500
[   51.7 min] T40_main_pvalues.csv 6264 / 57500
[   52.4 min] T40_main_pvalues.csv 6336 / 57500
[   53.2 min] T40_main_pvalues.csv 6408 / 57500
[   54.0 min] T40_main_pvalues.csv 6480 / 57500
[   54.8 min] T40_main_pvalues.csv 6552 / 57500
[   55.6 min] T40_main_pvalues.csv 6624 / 57500
[   56.4 min] T40_main_pvalues.csv 6696 / 57500
[   57.1 min] T40_main_pvalues.csv 6768 / 57500
[   57.9 min] T40_main_pvalues.csv 6840 / 57500
[   58.6 min] T40_main_pvalues.csv 6912 / 57500
[   59.4 min] T40_main_pvalues.csv 6984 / 57500
[   60.2 min] T40_main_pvalues.csv 7056 / 57500
[   60.9 min] T40_main_pvalues.csv 7128 / 57500
[   61.6 min] T40_main_pvalues.csv 7200 / 57500
[   62.4 min] T40_main_pvalues.csv 7272 / 57500
[   63.3 min] T40_main_pvalues.csv 7344 / 57500
[   64.1 min] T40_main_pvalues.csv 7416 / 57500
[   64.8 min] T40_main_pvalues.csv 7488 / 57500
[   65.6 min] T40_main_pvalues.csv 7560 / 57500
[   66.3 min] T40_main_pvalues.csv 7632 / 57500
[   67.1 min] T40_main_pvalues.csv 7704 / 57500
[   67.8 min] T40_main_pvalues.csv 7776 / 57500
[   68.4 min] T40_main_pvalues.csv 7848 / 57500
[   69.1 min] T40_main_pvalues.csv 7920 / 57500
[   69.8 min] T40_main_pvalues.csv 7992 / 57500
[   72.1 min] T40_main_pvalues.csv 8064 / 57500
[   74.8 min] T40_main_pvalues.csv 8136 / 57500
[   77.2 min] T40_main_pvalues.csv 8208 / 57500
[   79.6 min] T40_main_pvalues.csv 8280 / 57500
[   82.1 min] T40_main_pvalues.csv 8352 / 57500
[   84.5 min] T40_main_pvalues.csv 8424 / 57500
[   86.9 min] T40_main_pvalues.csv 8496 / 57500
[   89.3 min] T40_main_pvalues.csv 8568 / 57500
[   91.9 min] T40_main_pvalues.csv 8640 / 57500
[   94.4 min] T40_main_pvalues.csv 8712 / 57500
[   96.9 min] T40_main_pvalues.csv 8784 / 57500
[   99.5 min] T40_main_pvalues.csv 8856 / 57500
[  101.8 min] T40_main_pvalues.csv 8928 / 57500
[  104.0 min] T40_main_pvalues.csv 9000 / 57500
[  106.1 min] T40_main_pvalues.csv 9072 / 57500
[  108.2 min] T40_main_pvalues.csv 9144 / 57500
[  110.3 min] T40_main_pvalues.csv 9216 / 57500
[  112.3 min] T40_main_pvalues.csv 9288 / 57500
[  114.2 min] T40_main_pvalues.csv 9360 / 57500
[  116.2 min] T40_main_pvalues.csv 9432 / 57500
[  118.2 min] T40_main_pvalues.csv 9504 / 57500
[  120.3 min] T40_main_pvalues.csv 9576 / 57500
[  122.5 min] T40_main_pvalues.csv 9648 / 57500
[  124.7 min] T40_main_pvalues.csv 9720 / 57500
[  126.9 min] T40_main_pvalues.csv 9792 / 57500
[  129.1 min] T40_main_pvalues.csv 9864 / 57500
[  131.4 min] T40_main_pvalues.csv 9936 / 57500
[  133.6 min] T40_main_pvalues.csv 10008 / 57500
[  135.5 min] T40_main_pvalues.csv 10080 / 57500
[  137.4 min] T40_main_pvalues.csv 10152 / 57500
[  139.2 min] T40_main_pvalues.csv 10224 / 57500
[  141.1 min] T40_main_pvalues.csv 10296 / 57500
[  143.0 min] T40_main_pvalues.csv 10368 / 57500
[  144.9 min] T40_main_pvalues.csv 10440 / 57500
[  146.9 min] T40_main_pvalues.csv 10512 / 57500
[  148.9 min] T40_main_pvalues.csv 10584 / 57500
[  150.9 min] T40_main_pvalues.csv 10656 / 57500
[  152.8 min] T40_main_pvalues.csv 10728 / 57500
[  154.9 min] T40_main_pvalues.csv 10800 / 57500
[  156.8 min] T40_main_pvalues.csv 10872 / 57500
[  158.8 min] T40_main_pvalues.csv 10944 / 57500
[  160.9 min] T40_main_pvalues.csv 11016 / 57500
[  162.8 min] T40_main_pvalues.csv 11088 / 57500
[  164.7 min] T40_main_pvalues.csv 11160 / 57500
[  166.5 min] T40_main_pvalues.csv 11232 / 57500
[  168.5 min] T40_main_pvalues.csv 11304 / 57500
[  170.3 min] T40_main_pvalues.csv 11376 / 57500
[  172.1 min] T40_main_pvalues.csv 11448 / 57500
[  174.0 min] T40_main_pvalues.csv 11520 / 57500
[  176.0 min] T40_main_pvalues.csv 11592 / 57500
[  177.9 min] T40_main_pvalues.csv 11664 / 57500
[  179.8 min] T40_main_pvalues.csv 11736 / 57500
[  181.7 min] T40_main_pvalues.csv 11808 / 57500
[  183.6 min] T40_main_pvalues.csv 11880 / 57500
[  185.5 min] T40_main_pvalues.csv 11952 / 57500
[  187.9 min] T40_main_pvalues.csv 12024 / 57500
[  190.6 min] T40_main_pvalues.csv 12096 / 57500
[  193.2 min] T40_main_pvalues.csv 12168 / 57500
[  196.0 min] T40_main_pvalues.csv 12240 / 57500
[  198.7 min] T40_main_pvalues.csv 12312 / 57500
[  201.5 min] T40_main_pvalues.csv 12384 / 57500
[  204.2 min] T40_main_pvalues.csv 12456 / 57500
[  206.9 min] T40_main_pvalues.csv 12528 / 57500
[  209.7 min] T40_main_pvalues.csv 12600 / 57500
[  212.5 min] T40_main_pvalues.csv 12672 / 57500
[  215.2 min] T40_main_pvalues.csv 12744 / 57500
[  218.0 min] T40_main_pvalues.csv 12816 / 57500
[  220.8 min] T40_main_pvalues.csv 12888 / 57500
[  223.6 min] T40_main_pvalues.csv 12960 / 57500
[  226.3 min] T40_main_pvalues.csv 13032 / 57500
[  229.1 min] T40_main_pvalues.csv 13104 / 57500
[  231.9 min] T40_main_pvalues.csv 13176 / 57500
[  234.7 min] T40_main_pvalues.csv 13248 / 57500
[  237.3 min] T40_main_pvalues.csv 13320 / 57500
[  240.0 min] T40_main_pvalues.csv 13392 / 57500
[  242.7 min] T40_main_pvalues.csv 13464 / 57500
[  245.2 min] T40_main_pvalues.csv 13536 / 57500
[  247.7 min] T40_main_pvalues.csv 13608 / 57500
[  250.2 min] T40_main_pvalues.csv 13680 / 57500
[  252.7 min] T40_main_pvalues.csv 13752 / 57500
[  255.2 min] T40_main_pvalues.csv 13824 / 57500
[  257.9 min] T40_main_pvalues.csv 13896 / 57500
[  260.4 min] T40_main_pvalues.csv 13968 / 57500
[  263.0 min] T40_main_pvalues.csv 14040 / 57500
[  265.7 min] T40_main_pvalues.csv 14112 / 57500
[  268.4 min] T40_main_pvalues.csv 14184 / 57500
[  271.2 min] T40_main_pvalues.csv 14256 / 57500
[  273.9 min] T40_main_pvalues.csv 14328 / 57500
[  276.6 min] T40_main_pvalues.csv 14400 / 57500
[  279.5 min] T40_main_pvalues.csv 14472 / 57500
[  282.1 min] T40_main_pvalues.csv 14544 / 57500
[  284.7 min] T40_main_pvalues.csv 14616 / 57500
[  287.4 min] T40_main_pvalues.csv 14688 / 57500
[  290.0 min] T40_main_pvalues.csv 14760 / 57500
[  292.6 min] T40_main_pvalues.csv 14832 / 57500
[  295.3 min] T40_main_pvalues.csv 14904 / 57500
[  297.9 min] T40_main_pvalues.csv 14976 / 57500
[  300.5 min] T40_main_pvalues.csv 15048 / 57500
[  303.4 min] T40_main_pvalues.csv 15120 / 57500
[  306.2 min] T40_main_pvalues.csv 15192 / 57500
[  309.0 min] T40_main_pvalues.csv 15264 / 57500
[  311.7 min] T40_main_pvalues.csv 15336 / 57500
[  314.4 min] T40_main_pvalues.csv 15408 / 57500
[  317.2 min] T40_main_pvalues.csv 15480 / 57500
[  319.9 min] T40_main_pvalues.csv 15552 / 57500
[  322.6 min] T40_main_pvalues.csv 15624 / 57500
[  325.2 min] T40_main_pvalues.csv 15696 / 57500
[  327.8 min] T40_main_pvalues.csv 15768 / 57500
[  330.8 min] T40_main_pvalues.csv 15840 / 57500
[  333.6 min] T40_main_pvalues.csv 15912 / 57500
[  336.3 min] T40_main_pvalues.csv 15984 / 57500
[  339.7 min] T40_main_pvalues.csv 16056 / 57500
[  343.2 min] T40_main_pvalues.csv 16128 / 57500
[  346.7 min] T40_main_pvalues.csv 16200 / 57500
[  350.2 min] T40_main_pvalues.csv 16272 / 57500
[  353.7 min] T40_main_pvalues.csv 16344 / 57500
[  357.2 min] T40_main_pvalues.csv 16416 / 57500
[  360.7 min] T40_main_pvalues.csv 16488 / 57500
[  364.3 min] T40_main_pvalues.csv 16560 / 57500
[  367.8 min] T40_main_pvalues.csv 16632 / 57500
[  371.5 min] T40_main_pvalues.csv 16704 / 57500
[  375.0 min] T40_main_pvalues.csv 16776 / 57500
[  378.5 min] T40_main_pvalues.csv 16848 / 57500
[  382.0 min] T40_main_pvalues.csv 16920 / 57500
[  385.5 min] T40_main_pvalues.csv 16992 / 57500
[  389.3 min] T40_main_pvalues.csv 17064 / 57500
[  393.1 min] T40_main_pvalues.csv 17136 / 57500
[  396.7 min] T40_main_pvalues.csv 17208 / 57500
[  400.3 min] T40_main_pvalues.csv 17280 / 57500
[  403.9 min] T40_main_pvalues.csv 17352 / 57500
[  407.8 min] T40_main_pvalues.csv 17424 / 57500
[  411.5 min] T40_main_pvalues.csv 17496 / 57500
[  415.2 min] T40_main_pvalues.csv 17568 / 57500
[  419.1 min] T40_main_pvalues.csv 17640 / 57500
[  423.0 min] T40_main_pvalues.csv 17712 / 57500
[  426.8 min] T40_main_pvalues.csv 17784 / 57500
[  430.6 min] T40_main_pvalues.csv 17856 / 57500
[  434.4 min] T40_main_pvalues.csv 17928 / 57500
[  438.1 min] T40_main_pvalues.csv 18000 / 57500
[  443.0 min] T40_main_pvalues.csv 18072 / 57500
[  449.9 min] T40_main_pvalues.csv 18144 / 57500
[  458.7 min] T40_main_pvalues.csv 18216 / 57500
[  465.3 min] T40_main_pvalues.csv 18288 / 57500
[  472.1 min] T40_main_pvalues.csv 18360 / 57500
[  478.6 min] T40_main_pvalues.csv 18432 / 57500
[  485.3 min] T40_main_pvalues.csv 18504 / 57500
[  489.2 min] T40_main_pvalues.csv 18576 / 57500
[  492.9 min] T40_main_pvalues.csv 18648 / 57500
[  496.7 min] T40_main_pvalues.csv 18720 / 57500
[  500.6 min] T40_main_pvalues.csv 18792 / 57500
[  504.4 min] T40_main_pvalues.csv 18864 / 57500
[  508.1 min] T40_main_pvalues.csv 18936 / 57500
[  511.7 min] T40_main_pvalues.csv 19008 / 57500
[  515.4 min] T40_main_pvalues.csv 19080 / 57500
[  519.1 min] T40_main_pvalues.csv 19152 / 57500
[  522.8 min] T40_main_pvalues.csv 19224 / 57500
[  526.4 min] T40_main_pvalues.csv 19296 / 57500
[  530.1 min] T40_main_pvalues.csv 19368 / 57500
[  533.7 min] T40_main_pvalues.csv 19440 / 57500
[  537.3 min] T40_main_pvalues.csv 19512 / 57500
[  541.0 min] T40_main_pvalues.csv 19584 / 57500
[  544.6 min] T40_main_pvalues.csv 19656 / 57500
[  548.3 min] T40_main_pvalues.csv 19728 / 57500
[  552.0 min] T40_main_pvalues.csv 19800 / 57500
[  555.7 min] T40_main_pvalues.csv 19872 / 57500
[  559.4 min] T40_main_pvalues.csv 19944 / 57500
[  562.9 min] T40_main_pvalues.csv 20016 / 57500
[  563.2 min] T40_main_pvalues.csv 20088 / 57500
[  563.6 min] T40_main_pvalues.csv 20160 / 57500
[  563.9 min] T40_main_pvalues.csv 20232 / 57500
[  564.3 min] T40_main_pvalues.csv 20304 / 57500
[  564.6 min] T40_main_pvalues.csv 20376 / 57500
[  565.0 min] T40_main_pvalues.csv 20448 / 57500
[  565.3 min] T40_main_pvalues.csv 20520 / 57500
[  565.7 min] T40_main_pvalues.csv 20592 / 57500
[  566.0 min] T40_main_pvalues.csv 20664 / 57500
[  566.4 min] T40_main_pvalues.csv 20736 / 57500
[  566.7 min] T40_main_pvalues.csv 20808 / 57500
[  567.1 min] T40_main_pvalues.csv 20880 / 57500
[  567.4 min] T40_main_pvalues.csv 20952 / 57500
[  567.8 min] T40_main_pvalues.csv 21024 / 57500
[  568.1 min] T40_main_pvalues.csv 21096 / 57500
[  568.4 min] T40_main_pvalues.csv 21168 / 57500
[  568.8 min] T40_main_pvalues.csv 21240 / 57500
[  569.1 min] T40_main_pvalues.csv 21312 / 57500
[  569.5 min] T40_main_pvalues.csv 21384 / 57500
[  569.8 min] T40_main_pvalues.csv 21456 / 57500
[  570.2 min] T40_main_pvalues.csv 21528 / 57500
[  570.5 min] T40_main_pvalues.csv 21600 / 57500
[  570.9 min] T40_main_pvalues.csv 21672 / 57500
[  571.2 min] T40_main_pvalues.csv 21744 / 57500
[  571.6 min] T40_main_pvalues.csv 21816 / 57500
[  571.9 min] T40_main_pvalues.csv 21888 / 57500
[  572.3 min] T40_main_pvalues.csv 21960 / 57500
[  572.6 min] T40_main_pvalues.csv 22032 / 57500
[  573.0 min] T40_main_pvalues.csv 22104 / 57500
[  573.3 min] T40_main_pvalues.csv 22176 / 57500
[  573.7 min] T40_main_pvalues.csv 22248 / 57500
[  574.0 min] T40_main_pvalues.csv 22320 / 57500
[  574.4 min] T40_main_pvalues.csv 22392 / 57500
[  574.7 min] T40_main_pvalues.csv 22464 / 57500
[  575.2 min] T40_main_pvalues.csv 22536 / 57500
[  575.7 min] T40_main_pvalues.csv 22608 / 57500
[  576.2 min] T40_main_pvalues.csv 22680 / 57500
[  576.7 min] T40_main_pvalues.csv 22752 / 57500
[  577.2 min] T40_main_pvalues.csv 22824 / 57500
[  577.7 min] T40_main_pvalues.csv 22896 / 57500
[  578.2 min] T40_main_pvalues.csv 22968 / 57500
[  578.7 min] T40_main_pvalues.csv 23040 / 57500
[  579.2 min] T40_main_pvalues.csv 23112 / 57500
[  579.7 min] T40_main_pvalues.csv 23184 / 57500
[  580.2 min] T40_main_pvalues.csv 23256 / 57500
[  580.7 min] T40_main_pvalues.csv 23328 / 57500
[  581.2 min] T40_main_pvalues.csv 23400 / 57500
[  581.8 min] T40_main_pvalues.csv 23472 / 57500
[  582.3 min] T40_main_pvalues.csv 23544 / 57500
[  582.8 min] T40_main_pvalues.csv 23616 / 57500
[  583.3 min] T40_main_pvalues.csv 23688 / 57500
[  583.8 min] T40_main_pvalues.csv 23760 / 57500
[  584.2 min] T40_main_pvalues.csv 23832 / 57500
[  584.8 min] T40_main_pvalues.csv 23904 / 57500
[  585.3 min] T40_main_pvalues.csv 23976 / 57500
[  585.8 min] T40_main_pvalues.csv 24048 / 57500
[  586.3 min] T40_main_pvalues.csv 24120 / 57500
[  586.8 min] T40_main_pvalues.csv 24192 / 57500
[  587.3 min] T40_main_pvalues.csv 24264 / 57500
[  587.8 min] T40_main_pvalues.csv 24336 / 57500
[  588.3 min] T40_main_pvalues.csv 24408 / 57500
[  588.8 min] T40_main_pvalues.csv 24480 / 57500
[  589.3 min] T40_main_pvalues.csv 24552 / 57500
[  589.9 min] T40_main_pvalues.csv 24624 / 57500
[  590.4 min] T40_main_pvalues.csv 24696 / 57500
[  590.9 min] T40_main_pvalues.csv 24768 / 57500
[  591.4 min] T40_main_pvalues.csv 24840 / 57500
[  592.0 min] T40_main_pvalues.csv 24912 / 57500
[  592.5 min] T40_main_pvalues.csv 24984 / 57500
[  594.1 min] T40_main_pvalues.csv 25056 / 57500
[  595.9 min] T40_main_pvalues.csv 25128 / 57500
[  597.7 min] T40_main_pvalues.csv 25200 / 57500
[  599.6 min] T40_main_pvalues.csv 25272 / 57500
[  601.4 min] T40_main_pvalues.csv 25344 / 57500
[  604.6 min] T40_main_pvalues.csv 25416 / 57500
[  607.8 min] T40_main_pvalues.csv 25488 / 57500
[  610.8 min] T40_main_pvalues.csv 25560 / 57500
[  613.9 min] T40_main_pvalues.csv 25632 / 57500
[  616.7 min] T40_main_pvalues.csv 25704 / 57500
[  619.5 min] T40_main_pvalues.csv 25776 / 57500
[  622.2 min] T40_main_pvalues.csv 25848 / 57500
[  624.6 min] T40_main_pvalues.csv 25920 / 57500
[  626.3 min] T40_main_pvalues.csv 25992 / 57500
[  628.2 min] T40_main_pvalues.csv 26064 / 57500
[  630.2 min] T40_main_pvalues.csv 26136 / 57500
[  632.1 min] T40_main_pvalues.csv 26208 / 57500
[  633.9 min] T40_main_pvalues.csv 26280 / 57500
[  635.9 min] T40_main_pvalues.csv 26352 / 57500
[  637.8 min] T40_main_pvalues.csv 26424 / 57500
[  639.7 min] T40_main_pvalues.csv 26496 / 57500
[  641.5 min] T40_main_pvalues.csv 26568 / 57500
[  643.3 min] T40_main_pvalues.csv 26640 / 57500
[  645.0 min] T40_main_pvalues.csv 26712 / 57500
[  646.8 min] T40_main_pvalues.csv 26784 / 57500
[  648.6 min] T40_main_pvalues.csv 26856 / 57500
[  651.7 min] T40_main_pvalues.csv 26928 / 57500
[  654.9 min] T40_main_pvalues.csv 27000 / 57500
[  657.9 min] T40_main_pvalues.csv 27072 / 57500
[  660.9 min] T40_main_pvalues.csv 27144 / 57500
[  663.8 min] T40_main_pvalues.csv 27216 / 57500
[  666.4 min] T40_main_pvalues.csv 27288 / 57500
[  668.6 min] T40_main_pvalues.csv 27360 / 57500
[  670.3 min] T40_main_pvalues.csv 27432 / 57500
[  672.4 min] T40_main_pvalues.csv 27504 / 57500
[  675.2 min] T40_main_pvalues.csv 27576 / 57500
[  678.0 min] T40_main_pvalues.csv 27648 / 57500
[  680.7 min] T40_main_pvalues.csv 27720 / 57500
[  683.4 min] T40_main_pvalues.csv 27792 / 57500
[  686.1 min] T40_main_pvalues.csv 27864 / 57500
[  688.8 min] T40_main_pvalues.csv 27936 / 57500
[  691.5 min] T40_main_pvalues.csv 28008 / 57500
[  694.2 min] T40_main_pvalues.csv 28080 / 57500
[  696.9 min] T40_main_pvalues.csv 28152 / 57500
[  699.5 min] T40_main_pvalues.csv 28224 / 57500
[  702.2 min] T40_main_pvalues.csv 28296 / 57500
[  704.9 min] T40_main_pvalues.csv 28368 / 57500
[  707.5 min] T40_main_pvalues.csv 28440 / 57500
[  710.1 min] T40_main_pvalues.csv 28512 / 57500
[  712.5 min] T40_main_pvalues.csv 28584 / 57500
[  714.9 min] T40_main_pvalues.csv 28656 / 57500
[  717.3 min] T40_main_pvalues.csv 28728 / 57500
[  719.8 min] T40_main_pvalues.csv 28800 / 57500
[  723.6 min] T40_main_pvalues.csv 28872 / 57500
[  728.0 min] T40_main_pvalues.csv 28944 / 57500
[  732.6 min] T40_main_pvalues.csv 29016 / 57500
[  737.6 min] T40_main_pvalues.csv 29088 / 57500
[  740.9 min] T40_main_pvalues.csv 29160 / 57500
[  743.7 min] T40_main_pvalues.csv 29232 / 57500
[  746.3 min] T40_main_pvalues.csv 29304 / 57500
[  748.9 min] T40_main_pvalues.csv 29376 / 57500
[  751.4 min] T40_main_pvalues.csv 29448 / 57500
[  753.8 min] T40_main_pvalues.csv 29520 / 57500
[  756.3 min] T40_main_pvalues.csv 29592 / 57500
[  758.7 min] T40_main_pvalues.csv 29664 / 57500
[  761.4 min] T40_main_pvalues.csv 29736 / 57500
[  763.9 min] T40_main_pvalues.csv 29808 / 57500
[  766.4 min] T40_main_pvalues.csv 29880 / 57500
[  768.8 min] T40_main_pvalues.csv 29952 / 57500
[  771.8 min] T40_main_pvalues.csv 30024 / 57500
[  775.2 min] T40_main_pvalues.csv 30096 / 57500
[  778.8 min] T40_main_pvalues.csv 30168 / 57500
[  782.2 min] T40_main_pvalues.csv 30240 / 57500
[  785.6 min] T40_main_pvalues.csv 30312 / 57500
[  789.1 min] T40_main_pvalues.csv 30384 / 57500
[  792.8 min] T40_main_pvalues.csv 30456 / 57500
[  796.2 min] T40_main_pvalues.csv 30528 / 57500
[  799.5 min] T40_main_pvalues.csv 30600 / 57500
[  802.8 min] T40_main_pvalues.csv 30672 / 57500
[  806.1 min] T40_main_pvalues.csv 30744 / 57500
[  809.3 min] T40_main_pvalues.csv 30816 / 57500
[  812.7 min] T40_main_pvalues.csv 30888 / 57500
[  815.9 min] T40_main_pvalues.csv 30960 / 57500
[  819.4 min] T40_main_pvalues.csv 31032 / 57500
[  822.8 min] T40_main_pvalues.csv 31104 / 57500
[  826.2 min] T40_main_pvalues.csv 31176 / 57500
[  829.6 min] T40_main_pvalues.csv 31248 / 57500
[  833.0 min] T40_main_pvalues.csv 31320 / 57500
[  836.4 min] T40_main_pvalues.csv 31392 / 57500
[  839.8 min] T40_main_pvalues.csv 31464 / 57500
[  843.1 min] T40_main_pvalues.csv 31536 / 57500
[  846.5 min] T40_main_pvalues.csv 31608 / 57500
[  849.8 min] T40_main_pvalues.csv 31680 / 57500
[  853.0 min] T40_main_pvalues.csv 31752 / 57500
[  856.4 min] T40_main_pvalues.csv 31824 / 57500
[  859.7 min] T40_main_pvalues.csv 31896 / 57500
[  862.9 min] T40_main_pvalues.csv 31968 / 57500
[  866.3 min] T40_main_pvalues.csv 32040 / 57500
[  869.6 min] T40_main_pvalues.csv 32112 / 57500
[  873.0 min] T40_main_pvalues.csv 32184 / 57500
[  876.4 min] T40_main_pvalues.csv 32256 / 57500
[  879.8 min] T40_main_pvalues.csv 32328 / 57500
[  883.9 min] T40_main_pvalues.csv 32400 / 57500
[  890.4 min] T40_main_pvalues.csv 32472 / 57500
[  893.6 min] T40_main_pvalues.csv 32544 / 57500
[  894.3 min] T40_main_pvalues.csv 32616 / 57500
[  895.0 min] T40_main_pvalues.csv 32688 / 57500
[  895.7 min] T40_main_pvalues.csv 32760 / 57500
[  896.4 min] T40_main_pvalues.csv 32832 / 57500
[  897.1 min] T40_main_pvalues.csv 32904 / 57500
[  897.8 min] T40_main_pvalues.csv 32976 / 57500
[  898.5 min] T40_main_pvalues.csv 33048 / 57500
[  899.2 min] T40_main_pvalues.csv 33120 / 57500
[  899.9 min] T40_main_pvalues.csv 33192 / 57500
[  900.7 min] T40_main_pvalues.csv 33264 / 57500
[  901.4 min] T40_main_pvalues.csv 33336 / 57500
[  902.1 min] T40_main_pvalues.csv 33408 / 57500
[  902.8 min] T40_main_pvalues.csv 33480 / 57500
[  903.5 min] T40_main_pvalues.csv 33552 / 57500
[  904.1 min] T40_main_pvalues.csv 33624 / 57500
[  904.8 min] T40_main_pvalues.csv 33696 / 57500
[  905.5 min] T40_main_pvalues.csv 33768 / 57500
[  906.2 min] T40_main_pvalues.csv 33840 / 57500
[  906.9 min] T40_main_pvalues.csv 33912 / 57500
[  907.6 min] T40_main_pvalues.csv 33984 / 57500
[  908.3 min] T40_main_pvalues.csv 34056 / 57500
[  909.0 min] T40_main_pvalues.csv 34128 / 57500
[  909.7 min] T40_main_pvalues.csv 34200 / 57500
[  910.4 min] T40_main_pvalues.csv 34272 / 57500
[  911.1 min] T40_main_pvalues.csv 34344 / 57500
[  911.8 min] T40_main_pvalues.csv 34416 / 57500
[  912.4 min] T40_main_pvalues.csv 34488 / 57500
[  913.2 min] T40_main_pvalues.csv 34560 / 57500
[  913.8 min] T40_main_pvalues.csv 34632 / 57500
[  914.6 min] T40_main_pvalues.csv 34704 / 57500
[  915.3 min] T40_main_pvalues.csv 34776 / 57500
[  916.0 min] T40_main_pvalues.csv 34848 / 57500
[  916.7 min] T40_main_pvalues.csv 34920 / 57500
[  917.4 min] T40_main_pvalues.csv 34992 / 57500
[  918.4 min] T40_main_pvalues.csv 35064 / 57500
[  919.4 min] T40_main_pvalues.csv 35136 / 57500
[  920.4 min] T40_main_pvalues.csv 35208 / 57500
[  921.4 min] T40_main_pvalues.csv 35280 / 57500
[  922.4 min] T40_main_pvalues.csv 35352 / 57500
[  923.5 min] T40_main_pvalues.csv 35424 / 57500
[  924.5 min] T40_main_pvalues.csv 35496 / 57500
[  925.5 min] T40_main_pvalues.csv 35568 / 57500
[  926.6 min] T40_main_pvalues.csv 35640 / 57500
[  927.6 min] T40_main_pvalues.csv 35712 / 57500
[  928.6 min] T40_main_pvalues.csv 35784 / 57500
[  929.7 min] T40_main_pvalues.csv 35856 / 57500
[  930.7 min] T40_main_pvalues.csv 35928 / 57500
[  931.7 min] T40_main_pvalues.csv 36000 / 57500
[  932.7 min] T40_main_pvalues.csv 36072 / 57500
[  933.7 min] T40_main_pvalues.csv 36144 / 57500
[  934.6 min] T40_main_pvalues.csv 36216 / 57500
[  935.6 min] T40_main_pvalues.csv 36288 / 57500
[  936.6 min] T40_main_pvalues.csv 36360 / 57500
[  937.6 min] T40_main_pvalues.csv 36432 / 57500
[  938.6 min] T40_main_pvalues.csv 36504 / 57500
[  939.6 min] T40_main_pvalues.csv 36576 / 57500
[  940.6 min] T40_main_pvalues.csv 36648 / 57500
[  941.6 min] T40_main_pvalues.csv 36720 / 57500
[  942.1 min] T40_main_pvalues.csv 36792 / 57500
[  942.6 min] T40_main_pvalues.csv 36864 / 57500
[  943.1 min] T40_main_pvalues.csv 36936 / 57500
[  943.6 min] T40_main_pvalues.csv 37008 / 57500
[  944.1 min] T40_main_pvalues.csv 37080 / 57500
[  944.7 min] T40_main_pvalues.csv 37152 / 57500
[  945.2 min] T40_main_pvalues.csv 37224 / 57500
[  945.7 min] T40_main_pvalues.csv 37296 / 57500
[  946.2 min] T40_main_pvalues.csv 37368 / 57500
[  946.8 min] T40_main_pvalues.csv 37440 / 57500
[  948.0 min] T40_main_pvalues.csv 37512 / 57500
[  950.1 min] T40_main_pvalues.csv 37584 / 57500
[  952.2 min] T40_main_pvalues.csv 37656 / 57500
[  954.2 min] T40_main_pvalues.csv 37728 / 57500
[  956.4 min] T40_main_pvalues.csv 37800 / 57500
[  958.5 min] T40_main_pvalues.csv 37872 / 57500
[  960.6 min] T40_main_pvalues.csv 37944 / 57500
[  962.7 min] T40_main_pvalues.csv 38016 / 57500
[  964.8 min] T40_main_pvalues.csv 38088 / 57500
[  966.9 min] T40_main_pvalues.csv 38160 / 57500
[  969.0 min] T40_main_pvalues.csv 38232 / 57500
[  971.1 min] T40_main_pvalues.csv 38304 / 57500
[  973.3 min] T40_main_pvalues.csv 38376 / 57500
[  975.4 min] T40_main_pvalues.csv 38448 / 57500
[  977.9 min] T40_main_pvalues.csv 38520 / 57500
[  980.8 min] T40_main_pvalues.csv 38592 / 57500
[  983.3 min] T40_main_pvalues.csv 38664 / 57500
[  985.9 min] T40_main_pvalues.csv 38736 / 57500
[  988.4 min] T40_main_pvalues.csv 38808 / 57500
[  990.9 min] T40_main_pvalues.csv 38880 / 57500
[  993.6 min] T40_main_pvalues.csv 38952 / 57500
[  996.0 min] T40_main_pvalues.csv 39024 / 57500
[  998.4 min] T40_main_pvalues.csv 39096 / 57500
[ 1000.5 min] T40_main_pvalues.csv 39168 / 57500
[ 1003.0 min] T40_main_pvalues.csv 39240 / 57500
[ 1005.4 min] T40_main_pvalues.csv 39312 / 57500
[ 1007.8 min] T40_main_pvalues.csv 39384 / 57500
[ 1010.0 min] T40_main_pvalues.csv 39456 / 57500
[ 1012.2 min] T40_main_pvalues.csv 39528 / 57500
[ 1014.3 min] T40_main_pvalues.csv 39600 / 57500
[ 1016.5 min] T40_main_pvalues.csv 39672 / 57500
[ 1018.9 min] T40_main_pvalues.csv 39744 / 57500
[ 1021.0 min] T40_main_pvalues.csv 39816 / 57500
[ 1023.2 min] T40_main_pvalues.csv 39888 / 57500
[ 1025.6 min] T40_main_pvalues.csv 39960 / 57500
[ 1028.2 min] T40_main_pvalues.csv 40032 / 57500
[ 1031.2 min] T40_main_pvalues.csv 40104 / 57500
[ 1034.3 min] T40_main_pvalues.csv 40176 / 57500
[ 1037.3 min] T40_main_pvalues.csv 40248 / 57500
[ 1040.3 min] T40_main_pvalues.csv 40320 / 57500
[ 1043.3 min] T40_main_pvalues.csv 40392 / 57500
[ 1046.2 min] T40_main_pvalues.csv 40464 / 57500
[ 1049.2 min] T40_main_pvalues.csv 40536 / 57500
[ 1052.3 min] T40_main_pvalues.csv 40608 / 57500
[ 1055.4 min] T40_main_pvalues.csv 40680 / 57500
[ 1058.6 min] T40_main_pvalues.csv 40752 / 57500
[ 1061.6 min] T40_main_pvalues.csv 40824 / 57500
[ 1064.6 min] T40_main_pvalues.csv 40896 / 57500
[ 1067.6 min] T40_main_pvalues.csv 40968 / 57500
[ 1070.5 min] T40_main_pvalues.csv 41040 / 57500
[ 1073.2 min] T40_main_pvalues.csv 41112 / 57500
[ 1075.9 min] T40_main_pvalues.csv 41184 / 57500
[ 1078.5 min] T40_main_pvalues.csv 41256 / 57500
[ 1081.3 min] T40_main_pvalues.csv 41328 / 57500
[ 1083.9 min] T40_main_pvalues.csv 41400 / 57500
[ 1086.6 min] T40_main_pvalues.csv 41472 / 57500
[ 1089.4 min] T40_main_pvalues.csv 41544 / 57500
[ 1092.2 min] T40_main_pvalues.csv 41616 / 57500
[ 1095.2 min] T40_main_pvalues.csv 41688 / 57500
[ 1098.0 min] T40_main_pvalues.csv 41760 / 57500
[ 1100.9 min] T40_main_pvalues.csv 41832 / 57500
[ 1103.9 min] T40_main_pvalues.csv 41904 / 57500
[ 1106.9 min] T40_main_pvalues.csv 41976 / 57500
[ 1110.0 min] T40_main_pvalues.csv 42048 / 57500
[ 1112.8 min] T40_main_pvalues.csv 42120 / 57500
[ 1115.7 min] T40_main_pvalues.csv 42192 / 57500
[ 1118.7 min] T40_main_pvalues.csv 42264 / 57500
[ 1121.5 min] T40_main_pvalues.csv 42336 / 57500
[ 1124.4 min] T40_main_pvalues.csv 42408 / 57500
[ 1127.3 min] T40_main_pvalues.csv 42480 / 57500
[ 1131.0 min] T40_main_pvalues.csv 42552 / 57500
[ 1134.7 min] T40_main_pvalues.csv 42624 / 57500
[ 1138.6 min] T40_main_pvalues.csv 42696 / 57500
[ 1142.4 min] T40_main_pvalues.csv 42768 / 57500
[ 1146.0 min] T40_main_pvalues.csv 42840 / 57500
[ 1149.7 min] T40_main_pvalues.csv 42912 / 57500
[ 1153.5 min] T40_main_pvalues.csv 42984 / 57500
[ 1157.2 min] T40_main_pvalues.csv 43056 / 57500
[ 1161.1 min] T40_main_pvalues.csv 43128 / 57500
[ 1164.8 min] T40_main_pvalues.csv 43200 / 57500
[ 1168.5 min] T40_main_pvalues.csv 43272 / 57500
[ 1172.2 min] T40_main_pvalues.csv 43344 / 57500
[ 1175.9 min] T40_main_pvalues.csv 43416 / 57500
[ 1179.6 min] T40_main_pvalues.csv 43488 / 57500
[ 1183.7 min] T40_main_pvalues.csv 43560 / 57500
[ 1187.8 min] T40_main_pvalues.csv 43632 / 57500
[ 1191.9 min] T40_main_pvalues.csv 43704 / 57500
[ 1196.1 min] T40_main_pvalues.csv 43776 / 57500
[ 1200.0 min] T40_main_pvalues.csv 43848 / 57500
[ 1204.0 min] T40_main_pvalues.csv 43920 / 57500
[ 1208.1 min] T40_main_pvalues.csv 43992 / 57500
[ 1212.1 min] T40_main_pvalues.csv 44064 / 57500
[ 1215.9 min] T40_main_pvalues.csv 44136 / 57500
[ 1219.8 min] T40_main_pvalues.csv 44208 / 57500
[ 1223.7 min] T40_main_pvalues.csv 44280 / 57500
[ 1227.6 min] T40_main_pvalues.csv 44352 / 57500
[ 1231.5 min] T40_main_pvalues.csv 44424 / 57500
[ 1235.5 min] T40_main_pvalues.csv 44496 / 57500
[ 1239.4 min] T40_main_pvalues.csv 44568 / 57500
[ 1243.5 min] T40_main_pvalues.csv 44640 / 57500
[ 1247.5 min] T40_main_pvalues.csv 44712 / 57500
[ 1251.5 min] T40_main_pvalues.csv 44784 / 57500
[ 1255.4 min] T40_main_pvalues.csv 44856 / 57500
[ 1259.4 min] T40_main_pvalues.csv 44928 / 57500
[ 1263.4 min] T40_main_pvalues.csv 45000 / 57500
[ 1263.7 min] T40_main_pvalues.csv 45072 / 57500
[ 1264.0 min] T40_main_pvalues.csv 45144 / 57500
[ 1264.3 min] T40_main_pvalues.csv 45216 / 57500
[ 1264.7 min] T40_main_pvalues.csv 45288 / 57500
[ 1265.0 min] T40_main_pvalues.csv 45360 / 57500
[ 1265.3 min] T40_main_pvalues.csv 45432 / 57500
[ 1265.6 min] T40_main_pvalues.csv 45504 / 57500
[ 1266.0 min] T40_main_pvalues.csv 45576 / 57500
[ 1266.3 min] T40_main_pvalues.csv 45648 / 57500
[ 1266.6 min] T40_main_pvalues.csv 45720 / 57500
[ 1267.0 min] T40_main_pvalues.csv 45792 / 57500
[ 1267.3 min] T40_main_pvalues.csv 45864 / 57500
[ 1267.6 min] T40_main_pvalues.csv 45936 / 57500
[ 1267.9 min] T40_main_pvalues.csv 46008 / 57500
[ 1268.3 min] T40_main_pvalues.csv 46080 / 57500
[ 1268.6 min] T40_main_pvalues.csv 46152 / 57500
[ 1268.9 min] T40_main_pvalues.csv 46224 / 57500
[ 1269.2 min] T40_main_pvalues.csv 46296 / 57500
[ 1269.5 min] T40_main_pvalues.csv 46368 / 57500
[ 1269.9 min] T40_main_pvalues.csv 46440 / 57500
[ 1270.2 min] T40_main_pvalues.csv 46512 / 57500
[ 1270.5 min] T40_main_pvalues.csv 46584 / 57500
[ 1270.8 min] T40_main_pvalues.csv 46656 / 57500
[ 1271.2 min] T40_main_pvalues.csv 46728 / 57500
[ 1271.5 min] T40_main_pvalues.csv 46800 / 57500
[ 1271.8 min] T40_main_pvalues.csv 46872 / 57500
[ 1272.1 min] T40_main_pvalues.csv 46944 / 57500
[ 1272.5 min] T40_main_pvalues.csv 47016 / 57500
[ 1272.8 min] T40_main_pvalues.csv 47088 / 57500
[ 1273.1 min] T40_main_pvalues.csv 47160 / 57500
[ 1273.4 min] T40_main_pvalues.csv 47232 / 57500
[ 1273.8 min] T40_main_pvalues.csv 47304 / 57500
[ 1274.1 min] T40_main_pvalues.csv 47376 / 57500
[ 1274.4 min] T40_main_pvalues.csv 47448 / 57500
[ 1274.8 min] T40_main_pvalues.csv 47520 / 57500
[ 1275.3 min] T40_main_pvalues.csv 47592 / 57500
[ 1275.8 min] T40_main_pvalues.csv 47664 / 57500
[ 1276.3 min] T40_main_pvalues.csv 47736 / 57500
[ 1276.8 min] T40_main_pvalues.csv 47808 / 57500
[ 1277.4 min] T40_main_pvalues.csv 47880 / 57500
[ 1278.1 min] T40_main_pvalues.csv 47952 / 57500
[ 1279.2 min] T40_main_pvalues.csv 48024 / 57500
[ 1280.3 min] T40_main_pvalues.csv 48096 / 57500
[ 1281.5 min] T40_main_pvalues.csv 48168 / 57500
[ 1282.7 min] T40_main_pvalues.csv 48240 / 57500
[ 1283.9 min] T40_main_pvalues.csv 48312 / 57500
[ 1285.1 min] T40_main_pvalues.csv 48384 / 57500
[ 1286.2 min] T40_main_pvalues.csv 48456 / 57500
[ 1287.3 min] T40_main_pvalues.csv 48528 / 57500
[ 1288.6 min] T40_main_pvalues.csv 48600 / 57500
[ 1289.8 min] T40_main_pvalues.csv 48672 / 57500
[ 1291.0 min] T40_main_pvalues.csv 48744 / 57500
[ 1292.2 min] T40_main_pvalues.csv 48816 / 57500
[ 1293.4 min] T40_main_pvalues.csv 48888 / 57500
[ 1294.5 min] T40_main_pvalues.csv 48960 / 57500
[ 1295.7 min] T40_main_pvalues.csv 49032 / 57500
[ 1296.9 min] T40_main_pvalues.csv 49104 / 57500
[ 1298.1 min] T40_main_pvalues.csv 49176 / 57500
[ 1299.3 min] T40_main_pvalues.csv 49248 / 57500
[ 1300.4 min] T40_main_pvalues.csv 49320 / 57500
[ 1301.6 min] T40_main_pvalues.csv 49392 / 57500
[ 1302.1 min] T40_main_pvalues.csv 49464 / 57500
[ 1302.6 min] T40_main_pvalues.csv 49536 / 57500
[ 1303.1 min] T40_main_pvalues.csv 49608 / 57500
[ 1303.6 min] T40_main_pvalues.csv 49680 / 57500
[ 1304.1 min] T40_main_pvalues.csv 49752 / 57500
[ 1304.6 min] T40_main_pvalues.csv 49824 / 57500
[ 1305.1 min] T40_main_pvalues.csv 49896 / 57500
[ 1305.6 min] T40_main_pvalues.csv 49968 / 57500
[ 1307.3 min] T40_main_pvalues.csv 50040 / 57500
[ 1309.3 min] T40_main_pvalues.csv 50112 / 57500
[ 1311.1 min] T40_main_pvalues.csv 50184 / 57500
[ 1313.0 min] T40_main_pvalues.csv 50256 / 57500
[ 1314.8 min] T40_main_pvalues.csv 50328 / 57500
[ 1316.7 min] T40_main_pvalues.csv 50400 / 57500
[ 1318.6 min] T40_main_pvalues.csv 50472 / 57500
[ 1320.4 min] T40_main_pvalues.csv 50544 / 57500
[ 1322.2 min] T40_main_pvalues.csv 50616 / 57500
[ 1324.0 min] T40_main_pvalues.csv 50688 / 57500
[ 1325.8 min] T40_main_pvalues.csv 50760 / 57500
[ 1327.7 min] T40_main_pvalues.csv 50832 / 57500
[ 1329.5 min] T40_main_pvalues.csv 50904 / 57500
[ 1331.3 min] T40_main_pvalues.csv 50976 / 57500
[ 1333.4 min] T40_main_pvalues.csv 51048 / 57500
[ 1335.6 min] T40_main_pvalues.csv 51120 / 57500
[ 1337.6 min] T40_main_pvalues.csv 51192 / 57500
[ 1339.7 min] T40_main_pvalues.csv 51264 / 57500
[ 1341.8 min] T40_main_pvalues.csv 51336 / 57500
[ 1344.0 min] T40_main_pvalues.csv 51408 / 57500
[ 1346.1 min] T40_main_pvalues.csv 51480 / 57500
[ 1348.2 min] T40_main_pvalues.csv 51552 / 57500
[ 1350.3 min] T40_main_pvalues.csv 51624 / 57500
[ 1352.4 min] T40_main_pvalues.csv 51696 / 57500
[ 1354.5 min] T40_main_pvalues.csv 51768 / 57500
[ 1356.5 min] T40_main_pvalues.csv 51840 / 57500
[ 1358.5 min] T40_main_pvalues.csv 51912 / 57500
[ 1360.5 min] T40_main_pvalues.csv 51984 / 57500
[ 1362.7 min] T40_main_pvalues.csv 52056 / 57500
[ 1364.9 min] T40_main_pvalues.csv 52128 / 57500
[ 1367.0 min] T40_main_pvalues.csv 52200 / 57500
[ 1369.1 min] T40_main_pvalues.csv 52272 / 57500
[ 1371.3 min] T40_main_pvalues.csv 52344 / 57500
[ 1373.4 min] T40_main_pvalues.csv 52416 / 57500
[ 1375.5 min] T40_main_pvalues.csv 52488 / 57500
[ 1378.3 min] T40_main_pvalues.csv 52560 / 57500
[ 1381.1 min] T40_main_pvalues.csv 52632 / 57500
[ 1383.8 min] T40_main_pvalues.csv 52704 / 57500
[ 1386.6 min] T40_main_pvalues.csv 52776 / 57500
[ 1389.4 min] T40_main_pvalues.csv 52848 / 57500
[ 1392.1 min] T40_main_pvalues.csv 52920 / 57500
[ 1394.9 min] T40_main_pvalues.csv 52992 / 57500
[ 1397.6 min] T40_main_pvalues.csv 53064 / 57500
[ 1400.4 min] T40_main_pvalues.csv 53136 / 57500
[ 1403.0 min] T40_main_pvalues.csv 53208 / 57500
[ 1405.8 min] T40_main_pvalues.csv 53280 / 57500
[ 1408.5 min] T40_main_pvalues.csv 53352 / 57500
[ 1411.2 min] T40_main_pvalues.csv 53424 / 57500
[ 1414.0 min] T40_main_pvalues.csv 53496 / 57500
[ 1416.4 min] T40_main_pvalues.csv 53568 / 57500
[ 1418.9 min] T40_main_pvalues.csv 53640 / 57500
[ 1421.5 min] T40_main_pvalues.csv 53712 / 57500
[ 1424.0 min] T40_main_pvalues.csv 53784 / 57500
[ 1426.5 min] T40_main_pvalues.csv 53856 / 57500
[ 1429.0 min] T40_main_pvalues.csv 53928 / 57500
[ 1431.5 min] T40_main_pvalues.csv 54000 / 57500
[ 1433.9 min] T40_main_pvalues.csv 54072 / 57500
[ 1436.4 min] T40_main_pvalues.csv 54144 / 57500
[ 1438.9 min] T40_main_pvalues.csv 54216 / 57500
[ 1441.5 min] T40_main_pvalues.csv 54288 / 57500
[ 1444.0 min] T40_main_pvalues.csv 54360 / 57500
[ 1446.5 min] T40_main_pvalues.csv 54432 / 57500
[ 1449.0 min] T40_main_pvalues.csv 54504 / 57500
[ 1451.5 min] T40_main_pvalues.csv 54576 / 57500
[ 1454.0 min] T40_main_pvalues.csv 54648 / 57500
[ 1456.5 min] T40_main_pvalues.csv 54720 / 57500
[ 1459.0 min] T40_main_pvalues.csv 54792 / 57500
[ 1461.6 min] T40_main_pvalues.csv 54864 / 57500
[ 1464.1 min] T40_main_pvalues.csv 54936 / 57500
[ 1467.2 min] T40_main_pvalues.csv 55008 / 57500
[ 1470.9 min] T40_main_pvalues.csv 55080 / 57500
[ 1474.5 min] T40_main_pvalues.csv 55152 / 57500
[ 1478.1 min] T40_main_pvalues.csv 55224 / 57500
[ 1481.7 min] T40_main_pvalues.csv 55296 / 57500
[ 1485.4 min] T40_main_pvalues.csv 55368 / 57500
[ 1489.0 min] T40_main_pvalues.csv 55440 / 57500
[ 1492.6 min] T40_main_pvalues.csv 55512 / 57500
[ 1496.2 min] T40_main_pvalues.csv 55584 / 57500
[ 1499.9 min] T40_main_pvalues.csv 55656 / 57500
[ 1503.4 min] T40_main_pvalues.csv 55728 / 57500
[ 1507.0 min] T40_main_pvalues.csv 55800 / 57500
[ 1510.7 min] T40_main_pvalues.csv 55872 / 57500
[ 1514.3 min] T40_main_pvalues.csv 55944 / 57500
[ 1518.0 min] T40_main_pvalues.csv 56016 / 57500
[ 1521.7 min] T40_main_pvalues.csv 56088 / 57500
[ 1525.5 min] T40_main_pvalues.csv 56160 / 57500
[ 1529.2 min] T40_main_pvalues.csv 56232 / 57500
[ 1532.9 min] T40_main_pvalues.csv 56304 / 57500
[ 1536.8 min] T40_main_pvalues.csv 56376 / 57500
[ 1540.6 min] T40_main_pvalues.csv 56448 / 57500
[ 1544.2 min] T40_main_pvalues.csv 56520 / 57500
[ 1547.8 min] T40_main_pvalues.csv 56592 / 57500
[ 1551.6 min] T40_main_pvalues.csv 56664 / 57500
[ 1555.2 min] T40_main_pvalues.csv 56736 / 57500
[ 1558.9 min] T40_main_pvalues.csv 56808 / 57500
[ 1562.6 min] T40_main_pvalues.csv 56880 / 57500
[ 1566.2 min] T40_main_pvalues.csv 56952 / 57500
[ 1569.9 min] T40_main_pvalues.csv 57024 / 57500
[ 1573.8 min] T40_main_pvalues.csv 57096 / 57500
[ 1577.5 min] T40_main_pvalues.csv 57168 / 57500
[ 1581.3 min] T40_main_pvalues.csv 57240 / 57500
[ 1585.0 min] T40_main_pvalues.csv 57312 / 57500
[ 1588.8 min] T40_main_pvalues.csv 57384 / 57500
[ 1592.6 min] T40_main_pvalues.csv 57456 / 57500
[ 1595.9 min] T40_main_pvalues.csv 57500 / 57500
