2026-10-04 07:34:27  900 BAGofT tests, 578 to run
[   86.7 min] 330 / 900 done, 20 running, 0 failed
[  171.3 min] 350 / 900 done, 21 running, 0 failed
[  341.4 min] 390 / 900 done, 20 running, 0 failed
[  344.0 min] 410 / 900 done, 21 running, 0 failed
[  344.2 min] 410 / 900 done, 22 running, 0 failed
[  344.5 min] 410 / 900 done, 22 running, 0 failed
[  344.7 min] 410 / 900 done, 22 running, 0 failed
[  345.0 min] 410 / 900 done, 22 running, 0 failed
[  345.2 min] 410 / 900 done, 22 running, 0 failed
[  345.5 min] 410 / 900 done, 22 running, 0 failed
[  345.8 min] 410 / 900 done, 22 running, 0 failed
[  346.0 min] 410 / 900 done, 22 running, 0 failed
[  346.3 min] 410 / 900 done, 22 running, 0 failed
[  346.5 min] 410 / 900 done, 22 running, 0 failed
[  346.8 min] 410 / 900 done, 22 running, 0 failed
[  347.0 min] 410 / 900 done, 22 running, 0 failed
[  347.3 min] 410 / 900 done, 22 running, 0 failed
[  347.5 min] 410 / 900 done, 22 running, 0 failed
[  347.8 min] 410 / 900 done, 22 running, 0 failed
[  348.1 min] 410 / 900 done, 22 running, 0 failed
[  348.3 min] 410 / 900 done, 22 running, 0 failed
[  348.6 min] 410 / 900 done, 22 running, 0 failed
[  348.8 min] 410 / 900 done, 22 running, 0 failed
[  349.1 min] 410 / 900 done, 22 running, 0 failed
[  349.3 min] 410 / 900 done, 22 running, 0 failed
[  349.6 min] 410 / 900 done, 22 running, 0 failed
[  349.8 min] 410 / 900 done, 22 running, 0 failed
[  350.1 min] 410 / 900 done, 22 running, 0 failed
[  350.3 min] 410 / 900 done, 22 running, 0 failed
[  350.6 min] 410 / 900 done, 22 running, 0 failed
[  350.9 min] 410 / 900 done, 22 running, 0 failed
[  351.1 min] 410 / 900 done, 22 running, 0 failed
[  351.4 min] 410 / 900 done, 22 running, 0 failed
[  351.6 min] 410 / 900 done, 22 running, 0 failed
[  351.9 min] 410 / 900 done, 22 running, 0 failed
[  352.1 min] 410 / 900 done, 22 running, 0 failed
[  352.4 min] 410 / 900 done, 22 running, 0 failed
[  352.6 min] 410 / 900 done, 22 running, 0 failed
[  352.9 min] 410 / 900 done, 22 running, 0 failed
[  353.1 min] 410 / 900 done, 22 running, 0 failed
[  353.4 min] 410 / 900 done, 22 running, 0 failed
[  353.7 min] 410 / 900 done, 22 running, 0 failed
[  353.9 min] 410 / 900 done, 22 running, 0 failed
[  354.2 min] 410 / 900 done, 22 running, 0 failed
[  354.4 min] 410 / 900 done, 22 running, 0 failed
[  354.7 min] 410 / 900 done, 22 running, 0 failed
[  354.9 min] 410 / 900 done, 22 running, 0 failed
[  355.2 min] 410 / 900 done, 22 running, 0 failed
[  355.4 min] 410 / 900 done, 22 running, 0 failed
[  355.7 min] 410 / 900 done, 22 running, 0 failed
[  356.0 min] 410 / 900 done, 22 running, 0 failed
[  356.2 min] 410 / 900 done, 22 running, 0 failed
[  356.5 min] 410 / 900 done, 22 running, 0 failed
[  356.7 min] 410 / 900 done, 22 running, 0 failed
[  357.0 min] 410 / 900 done, 22 running, 0 failed
[  357.2 min] 410 / 900 done, 22 running, 0 failed
[  357.5 min] 410 / 900 done, 22 running, 0 failed
[  357.7 min] 410 / 900 done, 22 running, 0 failed
[  358.0 min] 410 / 900 done, 22 running, 0 failed
[  358.3 min] 410 / 900 done, 22 running, 0 failed
[  358.5 min] 410 / 900 done, 22 running, 0 failed
[  358.8 min] 410 / 900 done, 22 running, 0 failed
[  359.0 min] 410 / 900 done, 22 running, 0 failed
[  359.3 min] 410 / 900 done, 22 running, 0 failed
[  359.5 min] 410 / 900 done, 22 running, 0 failed
[  359.8 min] 410 / 900 done, 22 running, 0 failed
[  360.0 min] 410 / 900 done, 22 running, 0 failed
[  360.3 min] 410 / 900 done, 22 running, 0 failed
[  360.5 min] 410 / 900 done, 22 running, 0 failed
[  360.8 min] 410 / 900 done, 22 running, 0 failed
[  361.1 min] 410 / 900 done, 22 running, 0 failed
[  361.3 min] 410 / 900 done, 22 running, 0 failed
[  361.6 min] 410 / 900 done, 22 running, 0 failed
[  361.8 min] 410 / 900 done, 22 running, 0 failed
[  362.1 min] 410 / 900 done, 22 running, 0 failed
[  362.3 min] 410 / 900 done, 22 running, 0 failed
[  362.6 min] 410 / 900 done, 22 running, 0 failed
[  362.8 min] 410 / 900 done, 22 running, 0 failed
[  363.1 min] 410 / 900 done, 22 running, 0 failed
[  363.3 min] 410 / 900 done, 22 running, 0 failed
[  363.6 min] 410 / 900 done, 22 running, 0 failed
[  363.9 min] 410 / 900 done, 22 running, 0 failed
[  364.1 min] 410 / 900 done, 22 running, 0 failed
[  364.4 min] 410 / 900 done, 22 running, 0 failed
[  364.6 min] 410 / 900 done, 22 running, 0 failed
[  364.9 min] 410 / 900 done, 22 running, 0 failed
[  365.1 min] 410 / 900 done, 22 running, 0 failed
[  365.4 min] 410 / 900 done, 22 running, 0 failed
[  365.6 min] 410 / 900 done, 22 running, 0 failed
[  365.9 min] 410 / 900 done, 22 running, 0 failed
[  366.1 min] 410 / 900 done, 22 running, 0 failed
[  366.4 min] 410 / 900 done, 22 running, 0 failed
[  366.7 min] 410 / 900 done, 22 running, 0 failed
[  366.9 min] 410 / 900 done, 22 running, 0 failed
[  367.2 min] 410 / 900 done, 22 running, 0 failed
[  367.4 min] 410 / 900 done, 22 running, 0 failed
[  367.7 min] 410 / 900 done, 22 running, 0 failed
[  367.9 min] 410 / 900 done, 22 running, 0 failed
[  368.2 min] 410 / 900 done, 22 running, 0 failed
[  368.4 min] 410 / 900 done, 22 running, 0 failed
[  368.7 min] 410 / 900 done, 22 running, 0 failed
[  369.0 min] 410 / 900 done, 22 running, 0 failed
[  369.2 min] 410 / 900 done, 22 running, 0 failed
[  369.5 min] 410 / 900 done, 22 running, 0 failed
[  369.7 min] 410 / 900 done, 22 running, 0 failed
[  370.0 min] 410 / 900 done, 22 running, 0 failed
[  370.2 min] 410 / 900 done, 22 running, 0 failed
[  370.5 min] 410 / 900 done, 22 running, 0 failed
[  370.7 min] 410 / 900 done, 22 running, 0 failed
[  371.0 min] 410 / 900 done, 22 running, 0 failed
[  371.2 min] 410 / 900 done, 22 running, 0 failed
[  371.5 min] 410 / 900 done, 22 running, 0 failed
[  371.8 min] 410 / 900 done, 22 running, 0 failed
[  372.0 min] 410 / 900 done, 22 running, 0 failed
[  372.3 min] 410 / 900 done, 22 running, 0 failed
[  372.5 min] 410 / 900 done, 22 running, 0 failed
[  372.8 min] 410 / 900 done, 22 running, 0 failed
[  373.0 min] 410 / 900 done, 22 running, 0 failed
[  373.3 min] 410 / 900 done, 22 running, 0 failed
[  373.5 min] 410 / 900 done, 22 running, 0 failed
[  373.8 min] 410 / 900 done, 22 running, 0 failed
[  374.1 min] 410 / 900 done, 22 running, 0 failed
[  374.3 min] 410 / 900 done, 22 running, 0 failed
[  374.6 min] 410 / 900 done, 22 running, 0 failed
[  374.8 min] 410 / 900 done, 22 running, 0 failed
[  375.1 min] 410 / 900 done, 22 running, 0 failed
[  375.3 min] 410 / 900 done, 22 running, 0 failed
[  375.6 min] 410 / 900 done, 22 running, 0 failed
[  375.8 min] 410 / 900 done, 22 running, 0 failed
[  376.1 min] 410 / 900 done, 22 running, 0 failed
[  376.3 min] 410 / 900 done, 22 running, 0 failed
[  376.6 min] 410 / 900 done, 22 running, 0 failed
[  376.9 min] 410 / 900 done, 22 running, 0 failed
[  377.1 min] 410 / 900 done, 22 running, 0 failed
[  377.4 min] 410 / 900 done, 22 running, 0 failed
[  377.6 min] 410 / 900 done, 22 running, 0 failed
[  377.9 min] 410 / 900 done, 22 running, 0 failed
[  378.1 min] 410 / 900 done, 22 running, 0 failed
[  378.4 min] 410 / 900 done, 22 running, 0 failed
[  378.6 min] 410 / 900 done, 22 running, 0 failed
[  378.9 min] 410 / 900 done, 22 running, 0 failed
[  379.1 min] 410 / 900 done, 22 running, 0 failed
[  379.4 min] 410 / 900 done, 22 running, 0 failed
[  379.7 min] 410 / 900 done, 22 running, 0 failed
[  379.9 min] 410 / 900 done, 22 running, 0 failed
[  380.2 min] 410 / 900 done, 22 running, 0 failed
[  380.4 min] 410 / 900 done, 22 running, 0 failed
[  380.7 min] 410 / 900 done, 22 running, 0 failed
[  380.9 min] 410 / 900 done, 22 running, 0 failed
[  381.2 min] 410 / 900 done, 22 running, 0 failed
[  381.4 min] 410 / 900 done, 22 running, 0 failed
[  381.7 min] 410 / 900 done, 22 running, 0 failed
[  381.9 min] 410 / 900 done, 22 running, 0 failed
[  382.2 min] 410 / 900 done, 22 running, 0 failed
[  382.5 min] 410 / 900 done, 22 running, 0 failed
[  382.7 min] 410 / 900 done, 22 running, 0 failed
[  383.0 min] 410 / 900 done, 22 running, 0 failed
[  383.2 min] 410 / 900 done, 22 running, 0 failed
[  383.5 min] 410 / 900 done, 22 running, 0 failed
[  383.7 min] 410 / 900 done, 22 running, 0 failed
[  384.0 min] 410 / 900 done, 22 running, 0 failed
[  384.2 min] 410 / 900 done, 22 running, 0 failed
[  384.5 min] 410 / 900 done, 22 running, 0 failed
[  384.8 min] 410 / 900 done, 22 running, 0 failed
[  385.0 min] 410 / 900 done, 22 running, 0 failed
[  385.3 min] 410 / 900 done, 22 running, 0 failed
[  385.5 min] 410 / 900 done, 22 running, 0 failed
[  385.8 min] 410 / 900 done, 22 running, 0 failed
[  386.0 min] 410 / 900 done, 22 running, 0 failed
[  386.3 min] 410 / 900 done, 22 running, 0 failed
[  386.5 min] 410 / 900 done, 22 running, 0 failed
[  386.8 min] 410 / 900 done, 22 running, 0 failed
[  387.0 min] 410 / 900 done, 22 running, 0 failed
[  387.3 min] 410 / 900 done, 22 running, 0 failed
[  387.6 min] 410 / 900 done, 22 running, 0 failed
[  387.8 min] 410 / 900 done, 22 running, 0 failed
[  388.1 min] 410 / 900 done, 22 running, 0 failed
[  388.3 min] 410 / 900 done, 22 running, 0 failed
[  388.6 min] 410 / 900 done, 22 running, 0 failed
[  388.8 min] 410 / 900 done, 22 running, 0 failed
[  389.1 min] 410 / 900 done, 22 running, 0 failed
[  389.3 min] 410 / 900 done, 22 running, 0 failed
[  389.6 min] 410 / 900 done, 22 running, 0 failed
[  389.8 min] 410 / 900 done, 22 running, 0 failed
[  390.1 min] 410 / 900 done, 22 running, 0 failed
[  390.4 min] 410 / 900 done, 22 running, 0 failed
[  390.6 min] 410 / 900 done, 22 running, 0 failed
[  390.9 min] 410 / 900 done, 22 running, 0 failed
[  391.1 min] 410 / 900 done, 22 running, 0 failed
[  391.4 min] 410 / 900 done, 22 running, 0 failed
[  391.6 min] 410 / 900 done, 22 running, 0 failed
[  391.9 min] 410 / 900 done, 22 running, 0 failed
[  392.1 min] 410 / 900 done, 22 running, 0 failed
[  392.4 min] 410 / 900 done, 22 running, 0 failed
[  392.6 min] 410 / 900 done, 22 running, 0 failed
[  392.9 min] 410 / 900 done, 22 running, 0 failed
[  393.2 min] 410 / 900 done, 22 running, 0 failed
[  393.4 min] 410 / 900 done, 22 running, 0 failed
[  393.7 min] 410 / 900 done, 22 running, 0 failed
[  393.9 min] 410 / 900 done, 22 running, 0 failed
[  394.2 min] 410 / 900 done, 22 running, 0 failed
[  394.4 min] 410 / 900 done, 22 running, 0 failed
[  394.7 min] 410 / 900 done, 22 running, 0 failed
[  394.9 min] 410 / 900 done, 22 running, 0 failed
[  395.2 min] 410 / 900 done, 22 running, 0 failed
[  395.4 min] 410 / 900 done, 22 running, 0 failed
[  395.7 min] 410 / 900 done, 22 running, 0 failed
[  396.0 min] 410 / 900 done, 22 running, 0 failed
[  396.2 min] 410 / 900 done, 22 running, 0 failed
[  396.5 min] 410 / 900 done, 22 running, 0 failed
[  396.7 min] 410 / 900 done, 22 running, 0 failed
[  397.0 min] 410 / 900 done, 22 running, 0 failed
[  397.2 min] 410 / 900 done, 22 running, 0 failed
[  397.5 min] 410 / 900 done, 22 running, 0 failed
[  397.7 min] 410 / 900 done, 22 running, 0 failed
[  398.0 min] 410 / 900 done, 22 running, 0 failed
[  398.3 min] 410 / 900 done, 22 running, 0 failed
[  398.5 min] 410 / 900 done, 22 running, 0 failed
[  398.8 min] 410 / 900 done, 22 running, 0 failed
[  399.0 min] 410 / 900 done, 22 running, 0 failed
[  399.3 min] 410 / 900 done, 22 running, 0 failed
[  399.5 min] 410 / 900 done, 22 running, 0 failed
[  399.8 min] 410 / 900 done, 22 running, 0 failed
[  400.0 min] 410 / 900 done, 22 running, 0 failed
[  400.3 min] 410 / 900 done, 22 running, 0 failed
[  400.5 min] 410 / 900 done, 22 running, 0 failed
[  400.8 min] 410 / 900 done, 22 running, 0 failed
[  401.1 min] 410 / 900 done, 22 running, 0 failed
[  401.3 min] 410 / 900 done, 22 running, 0 failed
[  401.6 min] 410 / 900 done, 22 running, 0 failed
[  401.8 min] 410 / 900 done, 22 running, 0 failed
[  402.1 min] 410 / 900 done, 22 running, 0 failed
[  402.3 min] 410 / 900 done, 22 running, 0 failed
[  402.6 min] 410 / 900 done, 22 running, 0 failed
[  402.8 min] 410 / 900 done, 22 running, 0 failed
[  403.1 min] 410 / 900 done, 22 running, 0 failed
[  403.3 min] 410 / 900 done, 22 running, 0 failed
[  403.6 min] 410 / 900 done, 22 running, 0 failed
[  403.9 min] 410 / 900 done, 22 running, 0 failed
[  404.1 min] 410 / 900 done, 22 running, 0 failed
[  404.4 min] 410 / 900 done, 22 running, 0 failed
[  404.6 min] 410 / 900 done, 22 running, 0 failed
[  404.9 min] 410 / 900 done, 22 running, 0 failed
[  405.1 min] 410 / 900 done, 22 running, 0 failed
[  405.4 min] 410 / 900 done, 22 running, 0 failed
[  405.6 min] 410 / 900 done, 22 running, 0 failed
[  405.9 min] 410 / 900 done, 22 running, 0 failed
[  406.2 min] 410 / 900 done, 22 running, 0 failed
[  406.4 min] 410 / 900 done, 22 running, 0 failed
[  406.7 min] 410 / 900 done, 22 running, 0 failed
[  406.9 min] 410 / 900 done, 22 running, 0 failed
[  407.2 min] 410 / 900 done, 22 running, 0 failed
[  407.4 min] 410 / 900 done, 22 running, 0 failed
[  407.7 min] 410 / 900 done, 22 running, 0 failed
[  407.9 min] 410 / 900 done, 22 running, 0 failed
[  408.2 min] 410 / 900 done, 22 running, 0 failed
[  408.4 min] 410 / 900 done, 22 running, 0 failed
[  408.7 min] 410 / 900 done, 22 running, 0 failed
[  409.0 min] 410 / 900 done, 22 running, 0 failed
[  409.2 min] 410 / 900 done, 22 running, 0 failed
[  409.5 min] 410 / 900 done, 22 running, 0 failed
[  409.7 min] 410 / 900 done, 22 running, 0 failed
[  410.0 min] 410 / 900 done, 22 running, 0 failed
[  410.2 min] 410 / 900 done, 22 running, 0 failed
[  410.5 min] 410 / 900 done, 22 running, 0 failed
[  410.7 min] 410 / 900 done, 22 running, 0 failed
[  411.0 min] 410 / 900 done, 22 running, 0 failed
[  411.2 min] 410 / 900 done, 22 running, 0 failed
[  411.5 min] 410 / 900 done, 22 running, 0 failed
[  411.8 min] 410 / 900 done, 22 running, 0 failed
[  412.0 min] 410 / 900 done, 22 running, 0 failed
[  412.3 min] 410 / 900 done, 22 running, 0 failed
[  412.5 min] 410 / 900 done, 22 running, 0 failed
[  412.8 min] 410 / 900 done, 22 running, 0 failed
[  413.0 min] 410 / 900 done, 22 running, 0 failed
[  413.3 min] 410 / 900 done, 22 running, 0 failed
[  413.5 min] 410 / 900 done, 22 running, 0 failed
[  413.8 min] 410 / 900 done, 22 running, 0 failed
[  414.1 min] 410 / 900 done, 22 running, 0 failed
[  414.3 min] 410 / 900 done, 22 running, 0 failed
[  414.6 min] 410 / 900 done, 22 running, 0 failed
[  414.8 min] 410 / 900 done, 22 running, 0 failed
[  415.1 min] 410 / 900 done, 22 running, 0 failed
[  415.3 min] 410 / 900 done, 22 running, 0 failed
[  415.6 min] 410 / 900 done, 22 running, 0 failed
[  415.8 min] 410 / 900 done, 22 running, 0 failed
[  416.1 min] 410 / 900 done, 22 running, 0 failed
[  416.3 min] 410 / 900 done, 22 running, 0 failed
[  416.6 min] 410 / 900 done, 22 running, 0 failed
[  416.9 min] 410 / 900 done, 22 running, 0 failed
[  417.1 min] 410 / 900 done, 22 running, 0 failed
[  417.4 min] 410 / 900 done, 22 running, 0 failed
[  417.6 min] 410 / 900 done, 22 running, 0 failed
[  417.9 min] 410 / 900 done, 22 running, 0 failed
[  418.1 min] 410 / 900 done, 22 running, 0 failed
[  418.4 min] 410 / 900 done, 22 running, 0 failed
[  418.6 min] 410 / 900 done, 22 running, 0 failed
[  418.9 min] 410 / 900 done, 22 running, 0 failed
[  419.2 min] 410 / 900 done, 22 running, 0 failed
[  419.4 min] 410 / 900 done, 22 running, 0 failed
[  419.7 min] 410 / 900 done, 22 running, 0 failed
[  419.9 min] 410 / 900 done, 22 running, 0 failed
[  420.2 min] 410 / 900 done, 22 running, 0 failed
[  420.4 min] 410 / 900 done, 22 running, 0 failed
[  420.7 min] 410 / 900 done, 22 running, 0 failed
[  420.9 min] 410 / 900 done, 22 running, 0 failed
[  421.2 min] 410 / 900 done, 22 running, 0 failed
[  421.4 min] 410 / 900 done, 22 running, 0 failed
[  421.7 min] 410 / 900 done, 22 running, 0 failed
[  422.0 min] 410 / 900 done, 22 running, 0 failed
[  422.2 min] 410 / 900 done, 22 running, 0 failed
[  422.5 min] 410 / 900 done, 22 running, 0 failed
[  422.7 min] 410 / 900 done, 22 running, 0 failed
[  423.0 min] 410 / 900 done, 22 running, 0 failed
[  423.2 min] 410 / 900 done, 22 running, 0 failed
[  423.5 min] 410 / 900 done, 22 running, 0 failed
[  423.7 min] 410 / 900 done, 22 running, 0 failed
[  424.0 min] 410 / 900 done, 22 running, 0 failed
[  424.2 min] 410 / 900 done, 22 running, 0 failed
[  424.5 min] 410 / 900 done, 22 running, 0 failed
[  424.8 min] 410 / 900 done, 22 running, 0 failed
[  425.0 min] 410 / 900 done, 22 running, 0 failed
[  425.3 min] 410 / 900 done, 22 running, 0 failed
[  425.5 min] 410 / 900 done, 22 running, 0 failed
[  425.8 min] 410 / 900 done, 22 running, 0 failed
[  426.0 min] 410 / 900 done, 22 running, 0 failed
[  426.3 min] 410 / 900 done, 22 running, 0 failed
[  426.5 min] 410 / 900 done, 22 running, 0 failed
[  427.8 min] 420 / 900 done, 19 running, 0 failed
[  428.8 min] 430 / 900 done, 21 running, 0 failed
[  512.9 min] 440 / 900 done, 18 running, 0 failed
[  514.0 min] 450 / 900 done, 20 running, 0 failed
[  608.0 min] 460 / 900 done, 18 running, 0 failed
[  695.0 min] 480 / 900 done, 21 running, 0 failed
[  782.7 min] 500 / 900 done, 20 running, 0 failed
[  787.6 min] 520 / 900 done, 21 running, 0 failed
[  787.8 min] 520 / 900 done, 22 running, 0 failed
[  788.1 min] 520 / 900 done, 22 running, 0 failed
[  788.3 min] 520 / 900 done, 22 running, 0 failed
[  788.6 min] 520 / 900 done, 22 running, 0 failed
[  788.8 min] 520 / 900 done, 22 running, 0 failed
[  789.1 min] 520 / 900 done, 22 running, 0 failed
[  789.4 min] 520 / 900 done, 22 running, 0 failed
[  789.6 min] 520 / 900 done, 22 running, 0 failed
[  789.9 min] 520 / 900 done, 22 running, 0 failed
[  790.1 min] 520 / 900 done, 22 running, 0 failed
[  790.4 min] 520 / 900 done, 22 running, 0 failed
[  790.6 min] 520 / 900 done, 22 running, 0 failed
[  790.9 min] 520 / 900 done, 22 running, 0 failed
[  791.1 min] 520 / 900 done, 22 running, 0 failed
[  791.4 min] 520 / 900 done, 22 running, 0 failed
[  791.7 min] 520 / 900 done, 22 running, 0 failed
[  791.9 min] 520 / 900 done, 22 running, 0 failed
[  792.2 min] 520 / 900 done, 22 running, 0 failed
[  792.4 min] 520 / 900 done, 22 running, 0 failed
[  792.7 min] 520 / 900 done, 22 running, 0 failed
[  792.9 min] 520 / 900 done, 22 running, 0 failed
[  793.2 min] 520 / 900 done, 22 running, 0 failed
[  793.5 min] 520 / 900 done, 22 running, 0 failed
[  793.7 min] 520 / 900 done, 22 running, 0 failed
[  794.0 min] 520 / 900 done, 22 running, 0 failed
[  794.2 min] 520 / 900 done, 22 running, 0 failed
[  794.5 min] 520 / 900 done, 22 running, 0 failed
[  794.7 min] 520 / 900 done, 22 running, 0 failed
[  795.0 min] 520 / 900 done, 22 running, 0 failed
[  795.2 min] 520 / 900 done, 22 running, 0 failed
[  795.5 min] 520 / 900 done, 22 running, 0 failed
[  795.8 min] 520 / 900 done, 22 running, 0 failed
[  796.0 min] 520 / 900 done, 22 running, 0 failed
[  796.3 min] 520 / 900 done, 22 running, 0 failed
[  796.5 min] 520 / 900 done, 22 running, 0 failed
[  796.8 min] 520 / 900 done, 22 running, 0 failed
[  797.0 min] 520 / 900 done, 22 running, 0 failed
[  797.3 min] 520 / 900 done, 22 running, 0 failed
[  797.5 min] 520 / 900 done, 22 running, 0 failed
[  797.8 min] 520 / 900 done, 22 running, 0 failed
[  798.1 min] 520 / 900 done, 22 running, 0 failed
[  798.3 min] 520 / 900 done, 22 running, 0 failed
[  798.6 min] 520 / 900 done, 22 running, 0 failed
[  798.8 min] 520 / 900 done, 22 running, 0 failed
[  799.1 min] 520 / 900 done, 22 running, 0 failed
[  799.3 min] 520 / 900 done, 22 running, 0 failed
[  799.6 min] 520 / 900 done, 22 running, 0 failed
[  799.9 min] 520 / 900 done, 22 running, 0 failed
[  800.1 min] 520 / 900 done, 22 running, 0 failed
[  800.4 min] 520 / 900 done, 22 running, 0 failed
[  800.6 min] 520 / 900 done, 22 running, 0 failed
[  800.9 min] 520 / 900 done, 22 running, 0 failed
[  801.1 min] 520 / 900 done, 22 running, 0 failed
[  801.4 min] 520 / 900 done, 22 running, 0 failed
[  801.6 min] 520 / 900 done, 22 running, 0 failed
[  801.9 min] 520 / 900 done, 22 running, 0 failed
[  802.2 min] 520 / 900 done, 22 running, 0 failed
[  802.4 min] 520 / 900 done, 22 running, 0 failed
[  802.7 min] 520 / 900 done, 22 running, 0 failed
[  802.9 min] 520 / 900 done, 22 running, 0 failed
[  803.2 min] 520 / 900 done, 22 running, 0 failed
[  803.4 min] 520 / 900 done, 22 running, 0 failed
[  803.7 min] 520 / 900 done, 22 running, 0 failed
[  803.9 min] 520 / 900 done, 22 running, 0 failed
[  804.2 min] 520 / 900 done, 22 running, 0 failed
[  804.5 min] 520 / 900 done, 22 running, 0 failed
[  804.7 min] 520 / 900 done, 22 running, 0 failed
[  805.0 min] 520 / 900 done, 22 running, 0 failed
[  805.2 min] 520 / 900 done, 22 running, 0 failed
[  805.5 min] 520 / 900 done, 22 running, 0 failed
[  805.7 min] 520 / 900 done, 22 running, 0 failed
[  806.0 min] 520 / 900 done, 22 running, 0 failed
[  806.3 min] 520 / 900 done, 22 running, 0 failed
[  806.5 min] 520 / 900 done, 22 running, 0 failed
[  806.8 min] 520 / 900 done, 22 running, 0 failed
[  807.0 min] 520 / 900 done, 22 running, 0 failed
[  807.3 min] 520 / 900 done, 22 running, 0 failed
[  807.5 min] 520 / 900 done, 22 running, 0 failed
[  807.8 min] 520 / 900 done, 22 running, 0 failed
[  808.0 min] 520 / 900 done, 22 running, 0 failed
[  808.3 min] 520 / 900 done, 22 running, 0 failed
[  808.6 min] 520 / 900 done, 22 running, 0 failed
[  808.8 min] 520 / 900 done, 22 running, 0 failed
[  809.1 min] 520 / 900 done, 22 running, 0 failed
[  809.3 min] 520 / 900 done, 22 running, 0 failed
[  809.6 min] 520 / 900 done, 22 running, 0 failed
[  809.8 min] 520 / 900 done, 22 running, 0 failed
[  810.1 min] 520 / 900 done, 22 running, 0 failed
[  810.3 min] 520 / 900 done, 22 running, 0 failed
[  810.6 min] 520 / 900 done, 22 running, 0 failed
[  810.9 min] 520 / 900 done, 22 running, 0 failed
[  811.1 min] 520 / 900 done, 22 running, 0 failed
[  811.4 min] 520 / 900 done, 22 running, 0 failed
[  811.6 min] 520 / 900 done, 22 running, 0 failed
[  811.9 min] 520 / 900 done, 22 running, 0 failed
[  812.1 min] 520 / 900 done, 22 running, 0 failed
[  812.4 min] 520 / 900 done, 22 running, 0 failed
[  812.7 min] 520 / 900 done, 22 running, 0 failed
[  812.9 min] 520 / 900 done, 22 running, 0 failed
[  813.2 min] 520 / 900 done, 22 running, 0 failed
[  813.4 min] 520 / 900 done, 22 running, 0 failed
[  813.7 min] 520 / 900 done, 22 running, 0 failed
[  813.9 min] 520 / 900 done, 22 running, 0 failed
[  814.2 min] 520 / 900 done, 22 running, 0 failed
[  814.4 min] 520 / 900 done, 22 running, 0 failed
[  814.7 min] 520 / 900 done, 22 running, 0 failed
[  815.0 min] 520 / 900 done, 22 running, 0 failed
[  815.2 min] 520 / 900 done, 22 running, 0 failed
[  815.5 min] 520 / 900 done, 22 running, 0 failed
[  815.7 min] 520 / 900 done, 22 running, 0 failed
[  816.0 min] 520 / 900 done, 22 running, 0 failed
[  816.2 min] 520 / 900 done, 22 running, 0 failed
[  816.5 min] 520 / 900 done, 22 running, 0 failed
[  816.7 min] 520 / 900 done, 22 running, 0 failed
[  817.0 min] 520 / 900 done, 22 running, 0 failed
[  817.3 min] 520 / 900 done, 22 running, 0 failed
[  817.5 min] 520 / 900 done, 22 running, 0 failed
[  817.8 min] 520 / 900 done, 22 running, 0 failed
[  818.0 min] 520 / 900 done, 22 running, 0 failed
[  818.3 min] 520 / 900 done, 22 running, 0 failed
[  818.5 min] 520 / 900 done, 22 running, 0 failed
[  818.8 min] 520 / 900 done, 22 running, 0 failed
[  819.1 min] 520 / 900 done, 22 running, 0 failed
[  819.3 min] 520 / 900 done, 22 running, 0 failed
[  819.6 min] 520 / 900 done, 22 running, 0 failed
[  819.8 min] 520 / 900 done, 22 running, 0 failed
[  820.1 min] 520 / 900 done, 22 running, 0 failed
[  820.3 min] 520 / 900 done, 22 running, 0 failed
[  820.6 min] 520 / 900 done, 22 running, 0 failed
[  820.8 min] 520 / 900 done, 22 running, 0 failed
[  821.1 min] 520 / 900 done, 22 running, 0 failed
[  821.4 min] 520 / 900 done, 22 running, 0 failed
[  821.6 min] 520 / 900 done, 22 running, 0 failed
[  821.9 min] 520 / 900 done, 22 running, 0 failed
[  822.1 min] 520 / 900 done, 22 running, 0 failed
[  822.4 min] 520 / 900 done, 22 running, 0 failed
[  822.6 min] 520 / 900 done, 22 running, 0 failed
[  822.9 min] 520 / 900 done, 22 running, 0 failed
[  823.1 min] 520 / 900 done, 22 running, 0 failed
[  823.4 min] 520 / 900 done, 22 running, 0 failed
[  823.7 min] 520 / 900 done, 22 running, 0 failed
[  823.9 min] 520 / 900 done, 22 running, 0 failed
[  824.2 min] 520 / 900 done, 22 running, 0 failed
[  824.4 min] 520 / 900 done, 22 running, 0 failed
[  824.7 min] 520 / 900 done, 22 running, 0 failed
[  824.9 min] 520 / 900 done, 22 running, 0 failed
[  825.2 min] 520 / 900 done, 22 running, 0 failed
[  825.5 min] 520 / 900 done, 22 running, 0 failed
[  825.7 min] 520 / 900 done, 22 running, 0 failed
[  826.0 min] 520 / 900 done, 22 running, 0 failed
[  826.2 min] 520 / 900 done, 22 running, 0 failed
[  826.5 min] 520 / 900 done, 22 running, 0 failed
[  826.7 min] 520 / 900 done, 22 running, 0 failed
[  827.0 min] 520 / 900 done, 22 running, 0 failed
[  827.2 min] 520 / 900 done, 22 running, 0 failed
[  827.5 min] 520 / 900 done, 22 running, 0 failed
[  827.8 min] 520 / 900 done, 22 running, 0 failed
[  828.0 min] 520 / 900 done, 22 running, 0 failed
[  828.3 min] 520 / 900 done, 22 running, 0 failed
[  828.5 min] 520 / 900 done, 22 running, 0 failed
[  828.8 min] 520 / 900 done, 22 running, 0 failed
[  829.0 min] 520 / 900 done, 22 running, 0 failed
[  829.3 min] 520 / 900 done, 22 running, 0 failed
[  829.5 min] 520 / 900 done, 22 running, 0 failed
[  829.8 min] 520 / 900 done, 22 running, 0 failed
[  830.1 min] 520 / 900 done, 22 running, 0 failed
[  830.3 min] 520 / 900 done, 22 running, 0 failed
[  830.6 min] 520 / 900 done, 22 running, 0 failed
[  830.8 min] 520 / 900 done, 22 running, 0 failed
[  831.1 min] 520 / 900 done, 22 running, 0 failed
[  831.3 min] 520 / 900 done, 22 running, 0 failed
[  831.6 min] 520 / 900 done, 22 running, 0 failed
[  831.8 min] 520 / 900 done, 22 running, 0 failed
[  832.1 min] 520 / 900 done, 22 running, 0 failed
[  832.4 min] 520 / 900 done, 22 running, 0 failed
[  832.6 min] 520 / 900 done, 22 running, 0 failed
[  832.9 min] 520 / 900 done, 22 running, 0 failed
[  833.1 min] 520 / 900 done, 22 running, 0 failed
[  833.4 min] 520 / 900 done, 22 running, 0 failed
[  833.6 min] 520 / 900 done, 22 running, 0 failed
[  833.9 min] 520 / 900 done, 22 running, 0 failed
[  834.1 min] 520 / 900 done, 22 running, 0 failed
[  834.4 min] 520 / 900 done, 22 running, 0 failed
[  834.7 min] 520 / 900 done, 22 running, 0 failed
[  834.9 min] 520 / 900 done, 22 running, 0 failed
[  835.2 min] 520 / 900 done, 22 running, 0 failed
[  835.4 min] 520 / 900 done, 22 running, 0 failed
[  835.7 min] 520 / 900 done, 22 running, 0 failed
[  835.9 min] 520 / 900 done, 22 running, 0 failed
[  836.2 min] 520 / 900 done, 22 running, 0 failed
[  836.4 min] 520 / 900 done, 22 running, 0 failed
[  836.7 min] 520 / 900 done, 22 running, 0 failed
[  837.0 min] 520 / 900 done, 22 running, 0 failed
[  837.2 min] 520 / 900 done, 22 running, 0 failed
[  837.5 min] 520 / 900 done, 22 running, 0 failed
[  837.7 min] 520 / 900 done, 22 running, 0 failed
[  838.0 min] 520 / 900 done, 22 running, 0 failed
[  838.2 min] 520 / 900 done, 22 running, 0 failed
[  838.5 min] 520 / 900 done, 22 running, 0 failed
[  838.8 min] 520 / 900 done, 22 running, 0 failed
[  839.0 min] 520 / 900 done, 22 running, 0 failed
[  839.3 min] 520 / 900 done, 22 running, 0 failed
[  839.5 min] 520 / 900 done, 22 running, 0 failed
[  839.8 min] 520 / 900 done, 22 running, 0 failed
[  840.0 min] 520 / 900 done, 22 running, 0 failed
[  840.3 min] 520 / 900 done, 22 running, 0 failed
[  840.6 min] 520 / 900 done, 22 running, 0 failed
[  840.8 min] 520 / 900 done, 22 running, 0 failed
[  841.1 min] 520 / 900 done, 22 running, 0 failed
[  841.3 min] 520 / 900 done, 22 running, 0 failed
[  841.6 min] 520 / 900 done, 22 running, 0 failed
[  841.9 min] 520 / 900 done, 22 running, 0 failed
[  842.1 min] 520 / 900 done, 22 running, 0 failed
[  842.4 min] 520 / 900 done, 22 running, 0 failed
[  842.6 min] 520 / 900 done, 22 running, 0 failed
[  842.9 min] 520 / 900 done, 22 running, 0 failed
[  843.1 min] 520 / 900 done, 22 running, 0 failed
[  843.4 min] 520 / 900 done, 22 running, 0 failed
[  843.7 min] 520 / 900 done, 22 running, 0 failed
[  843.9 min] 520 / 900 done, 22 running, 0 failed
[  844.2 min] 520 / 900 done, 22 running, 0 failed
[  844.4 min] 520 / 900 done, 22 running, 0 failed
[ 1466.9 min] 520 / 900 done, 22 running, 0 failed
[ 1467.2 min] 520 / 900 done, 22 running, 0 failed
[ 1467.4 min] 520 / 900 done, 22 running, 0 failed
[ 1467.7 min] 520 / 900 done, 22 running, 0 failed
[ 1468.0 min] 520 / 900 done, 22 running, 0 failed
[ 1468.2 min] 520 / 900 done, 22 running, 0 failed
[ 1468.5 min] 520 / 900 done, 22 running, 0 failed
[ 1468.7 min] 520 / 900 done, 22 running, 0 failed
[ 1469.0 min] 520 / 900 done, 22 running, 0 failed
[ 1469.3 min] 520 / 900 done, 22 running, 0 failed
[ 1469.6 min] 520 / 900 done, 22 running, 0 failed
[ 1469.9 min] 520 / 900 done, 22 running, 0 failed
[ 1470.2 min] 520 / 900 done, 22 running, 0 failed
[ 1470.5 min] 520 / 900 done, 22 running, 0 failed
[ 1470.8 min] 520 / 900 done, 22 running, 0 failed
[ 1471.0 min] 520 / 900 done, 22 running, 0 failed
[ 1471.3 min] 520 / 900 done, 22 running, 0 failed
[ 1471.6 min] 520 / 900 done, 22 running, 0 failed
[ 1471.9 min] 520 / 900 done, 22 running, 0 failed
[ 1472.2 min] 520 / 900 done, 22 running, 0 failed
[ 1472.5 min] 520 / 900 done, 22 running, 0 failed
[ 1472.8 min] 520 / 900 done, 22 running, 0 failed
[ 1473.1 min] 520 / 900 done, 22 running, 0 failed
[ 1473.4 min] 520 / 900 done, 22 running, 0 failed
[ 1473.7 min] 520 / 900 done, 22 running, 0 failed
[ 1474.0 min] 520 / 900 done, 22 running, 0 failed
[ 1474.3 min] 520 / 900 done, 22 running, 0 failed
[ 1474.6 min] 520 / 900 done, 22 running, 0 failed
[ 1474.9 min] 520 / 900 done, 22 running, 0 failed
[ 1475.2 min] 520 / 900 done, 22 running, 0 failed
[ 1475.4 min] 520 / 900 done, 22 running, 0 failed
[ 1475.7 min] 520 / 900 done, 22 running, 0 failed
[ 1476.0 min] 520 / 900 done, 22 running, 0 failed
[ 1476.3 min] 520 / 900 done, 22 running, 0 failed
[ 1476.6 min] 520 / 900 done, 22 running, 0 failed
[ 1476.9 min] 520 / 900 done, 22 running, 0 failed
[ 1477.2 min] 520 / 900 done, 22 running, 0 failed
[ 1477.5 min] 520 / 900 done, 22 running, 0 failed
[ 1477.8 min] 520 / 900 done, 22 running, 0 failed
[ 1478.1 min] 520 / 900 done, 22 running, 0 failed
[ 1478.4 min] 520 / 900 done, 22 running, 0 failed
[ 1478.7 min] 520 / 900 done, 22 running, 0 failed
[ 1479.0 min] 520 / 900 done, 22 running, 0 failed
[ 1479.2 min] 520 / 900 done, 22 running, 0 failed
[ 1479.5 min] 520 / 900 done, 22 running, 0 failed
[ 1479.8 min] 520 / 900 done, 22 running, 0 failed
[ 1480.1 min] 520 / 900 done, 22 running, 0 failed
[ 1480.4 min] 520 / 900 done, 22 running, 0 failed
[ 1480.7 min] 520 / 900 done, 22 running, 0 failed
[ 1481.0 min] 520 / 900 done, 22 running, 0 failed
[ 1481.3 min] 520 / 900 done, 22 running, 0 failed
[ 1481.6 min] 520 / 900 done, 22 running, 0 failed
[ 1481.9 min] 520 / 900 done, 22 running, 0 failed
[ 1482.1 min] 520 / 900 done, 22 running, 0 failed
[ 1482.4 min] 520 / 900 done, 22 running, 0 failed
[ 1482.7 min] 520 / 900 done, 22 running, 0 failed
[ 1483.0 min] 520 / 900 done, 22 running, 0 failed
[ 1483.3 min] 520 / 900 done, 22 running, 0 failed
[ 1483.6 min] 520 / 900 done, 22 running, 0 failed
[ 1483.9 min] 520 / 900 done, 22 running, 0 failed
[ 1484.1 min] 520 / 900 done, 22 running, 0 failed
[ 1484.4 min] 520 / 900 done, 22 running, 0 failed
[ 1484.7 min] 520 / 900 done, 22 running, 0 failed
[ 1485.0 min] 520 / 900 done, 22 running, 0 failed
[ 1485.3 min] 520 / 900 done, 22 running, 0 failed
[ 1485.6 min] 520 / 900 done, 22 running, 0 failed
[ 1485.8 min] 520 / 900 done, 22 running, 0 failed
[ 1486.1 min] 520 / 900 done, 22 running, 0 failed
[ 1486.4 min] 520 / 900 done, 22 running, 0 failed
[ 1486.7 min] 520 / 900 done, 22 running, 0 failed
[ 1487.0 min] 520 / 900 done, 22 running, 0 failed
[ 1487.3 min] 520 / 900 done, 22 running, 0 failed
[ 1487.5 min] 520 / 900 done, 22 running, 0 failed
[ 1487.8 min] 520 / 900 done, 22 running, 0 failed
[ 1488.1 min] 520 / 900 done, 22 running, 0 failed
[ 1488.4 min] 520 / 900 done, 22 running, 0 failed
[ 1488.7 min] 520 / 900 done, 22 running, 0 failed
[ 1489.0 min] 520 / 900 done, 22 running, 0 failed
[ 1489.3 min] 520 / 900 done, 22 running, 0 failed
[ 1489.6 min] 520 / 900 done, 22 running, 0 failed
[ 1489.8 min] 520 / 900 done, 22 running, 0 failed
[ 1490.1 min] 520 / 900 done, 22 running, 0 failed
[ 1490.4 min] 520 / 900 done, 22 running, 0 failed
[ 1490.7 min] 520 / 900 done, 22 running, 0 failed
[ 1491.0 min] 520 / 900 done, 22 running, 0 failed
[ 1491.2 min] 520 / 900 done, 22 running, 0 failed
[ 1491.5 min] 520 / 900 done, 22 running, 0 failed
[ 1491.8 min] 520 / 900 done, 22 running, 0 failed
[ 1492.1 min] 520 / 900 done, 22 running, 0 failed
[ 1492.4 min] 520 / 900 done, 22 running, 0 failed
[ 1492.6 min] 520 / 900 done, 22 running, 0 failed
[ 1492.9 min] 520 / 900 done, 22 running, 0 failed
[ 1493.2 min] 520 / 900 done, 22 running, 0 failed
[ 1493.5 min] 520 / 900 done, 22 running, 0 failed
[ 1493.8 min] 520 / 900 done, 22 running, 0 failed
[ 1494.1 min] 520 / 900 done, 22 running, 0 failed
[ 1494.3 min] 520 / 900 done, 22 running, 0 failed
[ 1494.6 min] 520 / 900 done, 22 running, 0 failed
[ 1494.9 min] 520 / 900 done, 22 running, 0 failed
[ 1495.2 min] 520 / 900 done, 22 running, 0 failed
[ 1495.4 min] 520 / 900 done, 22 running, 0 failed
[ 1495.7 min] 520 / 900 done, 22 running, 0 failed
[ 1495.9 min] 520 / 900 done, 22 running, 0 failed
[ 1496.2 min] 520 / 900 done, 22 running, 0 failed
[ 1496.5 min] 520 / 900 done, 22 running, 0 failed
[ 1496.7 min] 520 / 900 done, 22 running, 0 failed
[ 1497.0 min] 520 / 900 done, 22 running, 0 failed
[ 1497.2 min] 520 / 900 done, 22 running, 0 failed
[ 1497.5 min] 520 / 900 done, 22 running, 0 failed
[ 1497.8 min] 520 / 900 done, 22 running, 0 failed
[ 1498.0 min] 520 / 900 done, 22 running, 0 failed
[ 1498.3 min] 520 / 900 done, 22 running, 0 failed
[ 1498.5 min] 520 / 900 done, 22 running, 0 failed
[ 1498.8 min] 520 / 900 done, 22 running, 0 failed
[ 1499.1 min] 520 / 900 done, 22 running, 0 failed
[ 1499.3 min] 520 / 900 done, 22 running, 0 failed
[ 1499.6 min] 520 / 900 done, 22 running, 0 failed
[ 1499.8 min] 520 / 900 done, 22 running, 0 failed
[ 1500.1 min] 520 / 900 done, 22 running, 0 failed
[ 1500.3 min] 520 / 900 done, 22 running, 0 failed
[ 1500.6 min] 520 / 900 done, 22 running, 0 failed
[ 1504.7 min] 530 / 900 done, 21 running, 0 failed
[ 1505.0 min] 530 / 900 done, 22 running, 0 failed
[ 1516.3 min] 540 / 900 done, 21 running, 0 failed
[ 1516.5 min] 540 / 900 done, 22 running, 0 failed
[ 1596.4 min] 550 / 900 done, 21 running, 0 failed
[ 1596.7 min] 550 / 900 done, 22 running, 0 failed
[ 1607.3 min] 560 / 900 done, 20 running, 0 failed
[ 1686.8 min] 570 / 900 done, 21 running, 0 failed
[ 1699.7 min] 580 / 900 done, 21 running, 0 failed
[ 1804.6 min] 600 / 900 done, 21 running, 0 failed
[ 1804.9 min] 600 / 900 done, 22 running, 0 failed
[ 1805.1 min] 600 / 900 done, 22 running, 0 failed
[ 1805.4 min] 600 / 900 done, 22 running, 0 failed
[ 1805.7 min] 600 / 900 done, 22 running, 0 failed
[ 1806.0 min] 600 / 900 done, 22 running, 0 failed
[ 1806.3 min] 600 / 900 done, 22 running, 0 failed
[ 1806.6 min] 600 / 900 done, 22 running, 0 failed
[ 1806.8 min] 600 / 900 done, 22 running, 0 failed
[ 1807.1 min] 600 / 900 done, 22 running, 0 failed
[ 1807.4 min] 600 / 900 done, 22 running, 0 failed
[ 1807.7 min] 600 / 900 done, 22 running, 0 failed
[ 1808.0 min] 600 / 900 done, 22 running, 0 failed
[ 1808.2 min] 600 / 900 done, 22 running, 0 failed
[ 1808.5 min] 600 / 900 done, 22 running, 0 failed
[ 1808.8 min] 600 / 900 done, 22 running, 0 failed
[ 1809.1 min] 600 / 900 done, 22 running, 0 failed
[ 1809.4 min] 600 / 900 done, 22 running, 0 failed
[ 1809.7 min] 600 / 900 done, 22 running, 0 failed
[ 1809.9 min] 600 / 900 done, 22 running, 0 failed
[ 1810.2 min] 600 / 900 done, 22 running, 0 failed
[ 1810.5 min] 600 / 900 done, 22 running, 0 failed
[ 1810.8 min] 600 / 900 done, 22 running, 0 failed
[ 1811.1 min] 600 / 900 done, 22 running, 0 failed
[ 1811.3 min] 600 / 900 done, 22 running, 0 failed
[ 1811.6 min] 600 / 900 done, 22 running, 0 failed
[ 1811.9 min] 600 / 900 done, 22 running, 0 failed
[ 1812.2 min] 600 / 900 done, 22 running, 0 failed
[ 1812.4 min] 600 / 900 done, 22 running, 0 failed
[ 1812.7 min] 600 / 900 done, 22 running, 0 failed
[ 1813.0 min] 600 / 900 done, 22 running, 0 failed
[ 1813.2 min] 600 / 900 done, 22 running, 0 failed
[ 1813.5 min] 600 / 900 done, 22 running, 0 failed
[ 1813.8 min] 600 / 900 done, 22 running, 0 failed
[ 1814.0 min] 600 / 900 done, 22 running, 0 failed
[ 1814.3 min] 600 / 900 done, 22 running, 0 failed
[ 1814.6 min] 600 / 900 done, 22 running, 0 failed
[ 1814.8 min] 600 / 900 done, 22 running, 0 failed
[ 1815.1 min] 600 / 900 done, 22 running, 0 failed
[ 1815.4 min] 600 / 900 done, 22 running, 0 failed
[ 1815.6 min] 600 / 900 done, 22 running, 0 failed
[ 1815.9 min] 600 / 900 done, 22 running, 0 failed
[ 1816.2 min] 600 / 900 done, 22 running, 0 failed
[ 1816.4 min] 600 / 900 done, 22 running, 0 failed
[ 1816.7 min] 600 / 900 done, 22 running, 0 failed
[ 1816.9 min] 600 / 900 done, 22 running, 0 failed
[ 1817.2 min] 600 / 900 done, 22 running, 0 failed
[ 1817.5 min] 600 / 900 done, 22 running, 0 failed
[ 1817.7 min] 600 / 900 done, 22 running, 0 failed
[ 1818.0 min] 600 / 900 done, 22 running, 0 failed
[ 1818.3 min] 600 / 900 done, 22 running, 0 failed
[ 1818.5 min] 600 / 900 done, 22 running, 0 failed
[ 1818.8 min] 600 / 900 done, 22 running, 0 failed
[ 1819.0 min] 600 / 900 done, 22 running, 0 failed
[ 1819.3 min] 600 / 900 done, 22 running, 0 failed
[ 1819.5 min] 600 / 900 done, 22 running, 0 failed
[ 1819.8 min] 600 / 900 done, 22 running, 0 failed
[ 1820.1 min] 600 / 900 done, 22 running, 0 failed
[ 1820.3 min] 600 / 900 done, 22 running, 0 failed
[ 1820.6 min] 600 / 900 done, 22 running, 0 failed
[ 1820.8 min] 600 / 900 done, 22 running, 0 failed
[ 1821.1 min] 600 / 900 done, 22 running, 0 failed
[ 1821.4 min] 600 / 900 done, 22 running, 0 failed
[ 1821.6 min] 600 / 900 done, 22 running, 0 failed
[ 1821.9 min] 600 / 900 done, 22 running, 0 failed
[ 1822.1 min] 600 / 900 done, 22 running, 0 failed
[ 1822.4 min] 600 / 900 done, 22 running, 0 failed
[ 1822.6 min] 600 / 900 done, 22 running, 0 failed
[ 1822.9 min] 600 / 900 done, 22 running, 0 failed
[ 1823.2 min] 600 / 900 done, 22 running, 0 failed
[ 1823.4 min] 600 / 900 done, 22 running, 0 failed
[ 1823.7 min] 600 / 900 done, 22 running, 0 failed
[ 1823.9 min] 600 / 900 done, 22 running, 0 failed
[ 1824.2 min] 600 / 900 done, 22 running, 0 failed
[ 1824.4 min] 600 / 900 done, 22 running, 0 failed
[ 1824.7 min] 600 / 900 done, 22 running, 0 failed
[ 1825.0 min] 600 / 900 done, 22 running, 0 failed
[ 1825.2 min] 600 / 900 done, 22 running, 0 failed
[ 1825.5 min] 600 / 900 done, 22 running, 0 failed
[ 1825.7 min] 600 / 900 done, 22 running, 0 failed
[ 1826.0 min] 600 / 900 done, 22 running, 0 failed
[ 1826.2 min] 600 / 900 done, 22 running, 0 failed
[ 1826.5 min] 600 / 900 done, 22 running, 0 failed
[ 1826.7 min] 600 / 900 done, 22 running, 0 failed
[ 1827.0 min] 600 / 900 done, 22 running, 0 failed
[ 1827.3 min] 600 / 900 done, 22 running, 0 failed
[ 1827.5 min] 600 / 900 done, 22 running, 0 failed
[ 1827.8 min] 600 / 900 done, 22 running, 0 failed
[ 1828.0 min] 600 / 900 done, 22 running, 0 failed
[ 1828.3 min] 600 / 900 done, 22 running, 0 failed
[ 1828.5 min] 600 / 900 done, 22 running, 0 failed
[ 1828.8 min] 600 / 900 done, 22 running, 0 failed
[ 1829.1 min] 600 / 900 done, 22 running, 0 failed
[ 1829.3 min] 600 / 900 done, 22 running, 0 failed
[ 1829.6 min] 600 / 900 done, 22 running, 0 failed
[ 1829.8 min] 600 / 900 done, 22 running, 0 failed
[ 1830.1 min] 600 / 900 done, 22 running, 0 failed
[ 1830.3 min] 600 / 900 done, 22 running, 0 failed
[ 1830.6 min] 600 / 900 done, 22 running, 0 failed
[ 1830.8 min] 600 / 900 done, 22 running, 0 failed
[ 1831.1 min] 600 / 900 done, 22 running, 0 failed
[ 1831.4 min] 600 / 900 done, 22 running, 0 failed
[ 1831.6 min] 600 / 900 done, 22 running, 0 failed
[ 1831.9 min] 600 / 900 done, 22 running, 0 failed
[ 1832.1 min] 600 / 900 done, 22 running, 0 failed
[ 1832.4 min] 600 / 900 done, 22 running, 0 failed
[ 1832.6 min] 600 / 900 done, 22 running, 0 failed
[ 1832.9 min] 600 / 900 done, 22 running, 0 failed
[ 1833.1 min] 600 / 900 done, 22 running, 0 failed
[ 1833.4 min] 600 / 900 done, 22 running, 0 failed
[ 1833.7 min] 600 / 900 done, 22 running, 0 failed
[ 1833.9 min] 600 / 900 done, 22 running, 0 failed
[ 1834.2 min] 600 / 900 done, 22 running, 0 failed
[ 1834.4 min] 600 / 900 done, 22 running, 0 failed
[ 1834.7 min] 600 / 900 done, 22 running, 0 failed
[ 1835.0 min] 600 / 900 done, 22 running, 0 failed
[ 1835.2 min] 600 / 900 done, 22 running, 0 failed
[ 1835.5 min] 600 / 900 done, 22 running, 0 failed
[ 1835.7 min] 600 / 900 done, 22 running, 0 failed
[ 1836.0 min] 600 / 900 done, 22 running, 0 failed
[ 1836.2 min] 600 / 900 done, 22 running, 0 failed
[ 1836.5 min] 600 / 900 done, 22 running, 0 failed
[ 1836.8 min] 600 / 900 done, 22 running, 0 failed
[ 1837.0 min] 600 / 900 done, 22 running, 0 failed
[ 1837.3 min] 600 / 900 done, 22 running, 0 failed
[ 1837.5 min] 600 / 900 done, 22 running, 0 failed
[ 1837.8 min] 600 / 900 done, 22 running, 0 failed
[ 1838.0 min] 600 / 900 done, 22 running, 0 failed
[ 1838.3 min] 600 / 900 done, 22 running, 0 failed
[ 1838.6 min] 600 / 900 done, 22 running, 0 failed
[ 1838.8 min] 600 / 900 done, 22 running, 0 failed
[ 1839.1 min] 600 / 900 done, 22 running, 0 failed
[ 1839.3 min] 600 / 900 done, 22 running, 0 failed
[ 1839.6 min] 600 / 900 done, 22 running, 0 failed
[ 1839.9 min] 600 / 900 done, 22 running, 0 failed
[ 1840.1 min] 600 / 900 done, 22 running, 0 failed
[ 1840.4 min] 600 / 900 done, 22 running, 0 failed
[ 1840.7 min] 600 / 900 done, 22 running, 0 failed
[ 1840.9 min] 600 / 900 done, 22 running, 0 failed
[ 1841.2 min] 600 / 900 done, 22 running, 0 failed
[ 1841.4 min] 600 / 900 done, 22 running, 0 failed
[ 1841.7 min] 600 / 900 done, 22 running, 0 failed
[ 1842.0 min] 600 / 900 done, 22 running, 0 failed
[ 1842.2 min] 600 / 900 done, 22 running, 0 failed
[ 1842.5 min] 600 / 900 done, 22 running, 0 failed
[ 1842.8 min] 600 / 900 done, 22 running, 0 failed
[ 1843.0 min] 600 / 900 done, 22 running, 0 failed
[ 1843.3 min] 600 / 900 done, 22 running, 0 failed
[ 1843.6 min] 600 / 900 done, 22 running, 0 failed
[ 1843.8 min] 600 / 900 done, 22 running, 0 failed
[ 1844.1 min] 600 / 900 done, 22 running, 0 failed
[ 1844.4 min] 600 / 900 done, 22 running, 0 failed
[ 1844.6 min] 600 / 900 done, 22 running, 0 failed
[ 1844.9 min] 600 / 900 done, 22 running, 0 failed
[ 1845.1 min] 600 / 900 done, 22 running, 0 failed
[ 1845.4 min] 600 / 900 done, 22 running, 0 failed
[ 1845.7 min] 600 / 900 done, 22 running, 0 failed
[ 1845.9 min] 600 / 900 done, 22 running, 0 failed
[ 1846.2 min] 600 / 900 done, 22 running, 0 failed
[ 1846.5 min] 600 / 900 done, 22 running, 0 failed
[ 1846.7 min] 600 / 900 done, 22 running, 0 failed
[ 1847.0 min] 600 / 900 done, 22 running, 0 failed
[ 1847.2 min] 600 / 900 done, 22 running, 0 failed
[ 1946.1 min] 610 / 900 done, 21 running, 0 failed
[ 1946.4 min] 610 / 900 done, 22 running, 0 failed
[ 1946.6 min] 610 / 900 done, 22 running, 0 failed
[ 1946.9 min] 610 / 900 done, 22 running, 0 failed
[ 1947.2 min] 610 / 900 done, 22 running, 0 failed
[ 1947.4 min] 610 / 900 done, 22 running, 0 failed
[ 1947.7 min] 610 / 900 done, 22 running, 0 failed
[ 1948.0 min] 610 / 900 done, 22 running, 0 failed
[ 1948.2 min] 610 / 900 done, 22 running, 0 failed
[ 1948.5 min] 610 / 900 done, 22 running, 0 failed
[ 1948.8 min] 610 / 900 done, 22 running, 0 failed
[ 1949.1 min] 610 / 900 done, 22 running, 0 failed
[ 1949.4 min] 610 / 900 done, 22 running, 0 failed
[ 1949.6 min] 610 / 900 done, 22 running, 0 failed
[ 1949.9 min] 610 / 900 done, 22 running, 0 failed
[ 1950.2 min] 610 / 900 done, 22 running, 0 failed
[ 1950.4 min] 610 / 900 done, 22 running, 0 failed
[ 1950.7 min] 610 / 900 done, 22 running, 0 failed
[ 1951.0 min] 610 / 900 done, 22 running, 0 failed
[ 1951.2 min] 610 / 900 done, 22 running, 0 failed
[ 1951.5 min] 610 / 900 done, 22 running, 0 failed
