Warning message:
package 'glmnet' was built under R version 4.4.3 
177 jobs to run
[   1.0 min] 4 / 177
[   2.6 min] 8 / 177
[   3.9 min] 12 / 177
[   5.0 min] 16 / 177
[   6.5 min] 20 / 177
[   7.9 min] 24 / 177
[   8.9 min] 28 / 177
[  10.5 min] 32 / 177
[  11.9 min] 36 / 177
[  13.1 min] 40 / 177
[  14.6 min] 44 / 177
[  16.0 min] 48 / 177
[  17.2 min] 52 / 177
[  18.6 min] 56 / 177
[  20.1 min] 60 / 177
[  21.1 min] 64 / 177
[  22.8 min] 68 / 177
[  24.2 min] 72 / 177
[  25.1 min] 76 / 177
[  26.7 min] 80 / 177
[  28.0 min] 84 / 177
[  29.0 min] 88 / 177
[  30.3 min] 92 / 177
[  31.7 min] 96 / 177
[  32.8 min] 100 / 177
[  34.3 min] 104 / 177
[  35.7 min] 108 / 177
[  36.9 min] 112 / 177
[  38.4 min] 116 / 177
[  39.8 min] 120 / 177
[  40.8 min] 124 / 177
[  42.2 min] 128 / 177
[  43.6 min] 132 / 177
[  44.6 min] 136 / 177
[  46.2 min] 140 / 177
[  47.6 min] 144 / 177
[  48.6 min] 148 / 177
[  50.0 min] 152 / 177
[  51.4 min] 156 / 177
[  52.3 min] 160 / 177
[  53.7 min] 164 / 177
[  55.1 min] 168 / 177
[  55.9 min] 172 / 177
[  57.2 min] 176 / 177
[  57.9 min] 177 / 177
